17:15:49 **** Build of configuration Debug for project STM32_HelloWorld ****
make -j12 all 
Building file: ../startup/startup_stm32.s
Building file: ../src/main.c
Building file: ../src/system_stm32f4xx.c
Building file: ../ThirdParty/SEGGER/SEGGER/SEGGER_RTT.c
Invoking: MCU GCC Assembler
Invoking: MCU GCC Compiler
Invoking: MCU GCC Compiler
Building file: ../ThirdParty/SEGGER/SEGGER/SEGGER_SYSVIEW.c
Invoking: MCU GCC Compiler
C:\Users\kaush\Documents\GitHub\FreeRTOS\STM32_HelloWorld\Debug
C:\Users\kaush\Documents\GitHub\FreeRTOS\STM32_HelloWorld\Debug
arm-none-eabi-as -mcpu=cortex-m4 -mthumb -mfloat-abi=hard -mfpu=fpv4-sp-d16 -I"C:/Users/kaush/Documents/GitHub/FreeRTOS/STM32_HelloWorld/StdPeriph_Driver/inc" -I"C:/Users/kaush/Documents/GitHub/FreeRTOS/STM32_HelloWorld/inc" -I"C:/Users/kaush/Documents/GitHub/FreeRTOS/STM32_HelloWorld/CMSIS/device" -I"C:/Users/kaush/Documents/GitHub/FreeRTOS/STM32_HelloWorld/CMSIS/core" -g -o "startup/startup_stm32.o" "../startup/startup_stm32.s"
C:\Users\kaush\Documents\GitHub\FreeRTOS\STM32_HelloWorld\Debug
arm-none-eabi-gcc -mcpu=cortex-m4 -mthumb -mfloat-abi=hard -mfpu=fpv4-sp-d16 -DSTM32 -DSTM32F4 -DSTM32F446RETx -DNUCLEO_F446RE -DDEBUG -DSTM32F446xx -DUSE_STDPERIPH_DRIVER -I"C:/Users/kaush/Documents/GitHub/FreeRTOS/STM32_HelloWorld/Config" -I"C:/Users/kaush/Documents/GitHub/FreeRTOS/STM32_HelloWorld/StdPeriph_Driver/inc" -I"C:/Users/kaush/Documents/GitHub/FreeRTOS/STM32_HelloWorld/ThirdParty/FreeRTOS/org/Source/include" -I"C:/Users/kaush/Documents/GitHub/FreeRTOS/STM32_HelloWorld/ThirdParty/FreeRTOS/org/Source/portable/GCC/ARM_CM4F" -I"C:/Users/kaush/Documents/GitHub/FreeRTOS/STM32_HelloWorld/ThirdParty/SEGGER/Config" -I"C:/Users/kaush/Documents/GitHub/FreeRTOS/STM32_HelloWorld/ThirdParty/SEGGER/OS" -I"C:/Users/kaush/Documents/GitHub/FreeRTOS/STM32_HelloWorld/ThirdParty/SEGGER/SEGGER" -I"C:/Users/kaush/Documents/GitHub/FreeRTOS/STM32_HelloWorld/inc" -I"C:/Users/kaush/Documents/GitHub/FreeRTOS/STM32_HelloWorld/CMSIS/device" -I"C:/Users/kaush/Documents/GitHub/FreeRTOS/STM32_HelloWorld/CMSIS/core" -O0 -g3 -Wall -fmessage-length=0 -ffunction-sections -c -MMD -MP -MF"src/main.d" -MT"src/main.o" -o "src/main.o" "../src/main.c"
Invoking: MCU GCC Compiler
C:\Users\kaush\Documents\GitHub\FreeRTOS\STM32_HelloWorld\Debug
arm-none-eabi-gcc -mcpu=cortex-m4 -mthumb -mfloat-abi=hard -mfpu=fpv4-sp-d16 -DSTM32 -DSTM32F4 -DSTM32F446RETx -DNUCLEO_F446RE -DDEBUG -DSTM32F446xx -DUSE_STDPERIPH_DRIVER -I"C:/Users/kaush/Documents/GitHub/FreeRTOS/STM32_HelloWorld/Config" -I"C:/Users/kaush/Documents/GitHub/FreeRTOS/STM32_HelloWorld/StdPeriph_Driver/inc" -I"C:/Users/kaush/Documents/GitHub/FreeRTOS/STM32_HelloWorld/ThirdParty/FreeRTOS/org/Source/include" -I"C:/Users/kaush/Documents/GitHub/FreeRTOS/STM32_HelloWorld/ThirdParty/FreeRTOS/org/Source/portable/GCC/ARM_CM4F" -I"C:/Users/kaush/Documents/GitHub/FreeRTOS/STM32_HelloWorld/ThirdParty/SEGGER/Config" -I"C:/Users/kaush/Documents/GitHub/FreeRTOS/STM32_HelloWorld/ThirdParty/SEGGER/OS" -I"C:/Users/kaush/Documents/GitHub/FreeRTOS/STM32_HelloWorld/ThirdParty/SEGGER/SEGGER" -I"C:/Users/kaush/Documents/GitHub/FreeRTOS/STM32_HelloWorld/inc" -I"C:/Users/kaush/Documents/GitHub/FreeRTOS/STM32_HelloWorld/CMSIS/device" -I"C:/Users/kaush/Documents/GitHub/FreeRTOS/STM32_HelloWorld/CMSIS/core" -O0 -g3 -Wall -fmessage-length=0 -ffunction-sections -c -MMD -MP -MF"src/system_stm32f4xx.d" -MT"src/system_stm32f4xx.o" -o "src/system_stm32f4xx.o" "../src/system_stm32f4xx.c"
arm-none-eabi-gcc -mcpu=cortex-m4 -mthumb -mfloat-abi=hard -mfpu=fpv4-sp-d16 -DSTM32 -DSTM32F4 -DSTM32F446RETx -DNUCLEO_F446RE -DDEBUG -DSTM32F446xx -DUSE_STDPERIPH_DRIVER -I"C:/Users/kaush/Documents/GitHub/FreeRTOS/STM32_HelloWorld/Config" -I"C:/Users/kaush/Documents/GitHub/FreeRTOS/STM32_HelloWorld/StdPeriph_Driver/inc" -I"C:/Users/kaush/Documents/GitHub/FreeRTOS/STM32_HelloWorld/ThirdParty/FreeRTOS/org/Source/include" -I"C:/Users/kaush/Documents/GitHub/FreeRTOS/STM32_HelloWorld/ThirdParty/FreeRTOS/org/Source/portable/GCC/ARM_CM4F" -I"C:/Users/kaush/Documents/GitHub/FreeRTOS/STM32_HelloWorld/ThirdParty/SEGGER/Config" -I"C:/Users/kaush/Documents/GitHub/FreeRTOS/STM32_HelloWorld/ThirdParty/SEGGER/OS" -I"C:/Users/kaush/Documents/GitHub/FreeRTOS/STM32_HelloWorld/ThirdParty/SEGGER/SEGGER" -I"C:/Users/kaush/Documents/GitHub/FreeRTOS/STM32_HelloWorld/inc" -I"C:/Users/kaush/Documents/GitHub/FreeRTOS/STM32_HelloWorld/CMSIS/device" -I"C:/Users/kaush/Documents/GitHub/FreeRTOS/STM32_HelloWorld/CMSIS/core" -O0 -g3 -Wall -fmessage-length=0 -ffunction-sections -c -MMD -MP -MF"ThirdParty/SEGGER/SEGGER/SEGGER_RTT.d" -MT"ThirdParty/SEGGER/SEGGER/SEGGER_RTT.o" -o "ThirdParty/SEGGER/SEGGER/SEGGER_RTT.o" "../ThirdParty/SEGGER/SEGGER/SEGGER_RTT.c"
C:\Users\kaush\Documents\GitHub\FreeRTOS\STM32_HelloWorld\Debug
arm-none-eabi-gcc -mcpu=cortex-m4 -mthumb -mfloat-abi=hard -mfpu=fpv4-sp-d16 -DSTM32 -DSTM32F4 -DSTM32F446RETx -DNUCLEO_F446RE -DDEBUG -DSTM32F446xx -DUSE_STDPERIPH_DRIVER -I"C:/Users/kaush/Documents/GitHub/FreeRTOS/STM32_HelloWorld/Config" -I"C:/Users/kaush/Documents/GitHub/FreeRTOS/STM32_HelloWorld/StdPeriph_Driver/inc" -I"C:/Users/kaush/Documents/GitHub/FreeRTOS/STM32_HelloWorld/ThirdParty/FreeRTOS/org/Source/include" -I"C:/Users/kaush/Documents/GitHub/FreeRTOS/STM32_HelloWorld/ThirdParty/FreeRTOS/org/Source/portable/GCC/ARM_CM4F" -I"C:/Users/kaush/Documents/GitHub/FreeRTOS/STM32_HelloWorld/ThirdParty/SEGGER/Config" -I"C:/Users/kaush/Documents/GitHub/FreeRTOS/STM32_HelloWorld/ThirdParty/SEGGER/OS" -I"C:/Users/kaush/Documents/GitHub/FreeRTOS/STM32_HelloWorld/ThirdParty/SEGGER/SEGGER" -I"C:/Users/kaush/Documents/GitHub/FreeRTOS/STM32_HelloWorld/inc" -I"C:/Users/kaush/Documents/GitHub/FreeRTOS/STM32_HelloWorld/CMSIS/device" -I"C:/Users/kaush/Documents/GitHub/FreeRTOS/STM32_HelloWorld/CMSIS/core" -O0 -g3 -Wall -fmessage-length=0 -ffunction-sections -c -MMD -MP -MF"ThirdParty/SEGGER/SEGGER/SEGGER_SYSVIEW.d" -MT"ThirdParty/SEGGER/SEGGER/SEGGER_SYSVIEW.o" -o "ThirdParty/SEGGER/SEGGER/SEGGER_SYSVIEW.o" "../ThirdParty/SEGGER/SEGGER/SEGGER_SYSVIEW.c"
Building file: ../ThirdParty/SEGGER/OS/SEGGER_SYSVIEW_FreeRTOS.c
Building file: ../ThirdParty/SEGGER/Config/SEGGER_SYSVIEW_Config_FreeRTOS.c
Building file: ../ThirdParty/FreeRTOS/org/Source/portable/MemMang/heap_4.c
Invoking: MCU GCC Compiler
Building file: ../ThirdParty/FreeRTOS/org/Source/portable/GCC/ARM_CM4F/port.c
Invoking: MCU GCC Compiler
Invoking: MCU GCC Compiler
Building file: ../ThirdParty/FreeRTOS/org/Source/croutine.c
Finished building: ../startup/startup_stm32.s
C:\Users\kaush\Documents\GitHub\FreeRTOS\STM32_HelloWorld\Debug
Invoking: MCU GCC Compiler
C:\Users\kaush\Documents\GitHub\FreeRTOS\STM32_HelloWorld\Debug
arm-none-eabi-gcc -mcpu=cortex-m4 -mthumb -mfloat-abi=hard -mfpu=fpv4-sp-d16 -DSTM32 -DSTM32F4 -DSTM32F446RETx -DNUCLEO_F446RE -DDEBUG -DSTM32F446xx -DUSE_STDPERIPH_DRIVER -I"C:/Users/kaush/Documents/GitHub/FreeRTOS/STM32_HelloWorld/Config" -I"C:/Users/kaush/Documents/GitHub/FreeRTOS/STM32_HelloWorld/StdPeriph_Driver/inc" -I"C:/Users/kaush/Documents/GitHub/FreeRTOS/STM32_HelloWorld/ThirdParty/FreeRTOS/org/Source/include" -I"C:/Users/kaush/Documents/GitHub/FreeRTOS/STM32_HelloWorld/ThirdParty/FreeRTOS/org/Source/portable/GCC/ARM_CM4F" -I"C:/Users/kaush/Documents/GitHub/FreeRTOS/STM32_HelloWorld/ThirdParty/SEGGER/Config" -I"C:/Users/kaush/Documents/GitHub/FreeRTOS/STM32_HelloWorld/ThirdParty/SEGGER/OS" -I"C:/Users/kaush/Documents/GitHub/FreeRTOS/STM32_HelloWorld/ThirdParty/SEGGER/SEGGER" -I"C:/Users/kaush/Documents/GitHub/FreeRTOS/STM32_HelloWorld/inc" -I"C:/Users/kaush/Documents/GitHub/FreeRTOS/STM32_HelloWorld/CMSIS/device" -I"C:/Users/kaush/Documents/GitHub/FreeRTOS/STM32_HelloWorld/CMSIS/core" -O0 -g3 -Wall -fmessage-length=0 -ffunction-sections -c -MMD -MP -MF"ThirdParty/SEGGER/OS/SEGGER_SYSVIEW_FreeRTOS.d" -MT"ThirdParty/SEGGER/OS/SEGGER_SYSVIEW_FreeRTOS.o" -o "ThirdParty/SEGGER/OS/SEGGER_SYSVIEW_FreeRTOS.o" "../ThirdParty/SEGGER/OS/SEGGER_SYSVIEW_FreeRTOS.c"
C:\Users\kaush\Documents\GitHub\FreeRTOS\STM32_HelloWorld\Debug
Invoking: MCU GCC Compiler
arm-none-eabi-gcc -mcpu=cortex-m4 -mthumb -mfloat-abi=hard -mfpu=fpv4-sp-d16 -DSTM32 -DSTM32F4 -DSTM32F446RETx -DNUCLEO_F446RE -DDEBUG -DSTM32F446xx -DUSE_STDPERIPH_DRIVER -I"C:/Users/kaush/Documents/GitHub/FreeRTOS/STM32_HelloWorld/Config" -I"C:/Users/kaush/Documents/GitHub/FreeRTOS/STM32_HelloWorld/StdPeriph_Driver/inc" -I"C:/Users/kaush/Documents/GitHub/FreeRTOS/STM32_HelloWorld/ThirdParty/FreeRTOS/org/Source/include" -I"C:/Users/kaush/Documents/GitHub/FreeRTOS/STM32_HelloWorld/ThirdParty/FreeRTOS/org/Source/portable/GCC/ARM_CM4F" -I"C:/Users/kaush/Documents/GitHub/FreeRTOS/STM32_HelloWorld/ThirdParty/SEGGER/Config" -I"C:/Users/kaush/Documents/GitHub/FreeRTOS/STM32_HelloWorld/ThirdParty/SEGGER/OS" -I"C:/Users/kaush/Documents/GitHub/FreeRTOS/STM32_HelloWorld/ThirdParty/SEGGER/SEGGER" -I"C:/Users/kaush/Documents/GitHub/FreeRTOS/STM32_HelloWorld/inc" -I"C:/Users/kaush/Documents/GitHub/FreeRTOS/STM32_HelloWorld/CMSIS/device" -I"C:/Users/kaush/Documents/GitHub/FreeRTOS/STM32_HelloWorld/CMSIS/core" -O0 -g3 -Wall -fmessage-length=0 -ffunction-sections -c -MMD -MP -MF"ThirdParty/SEGGER/Config/SEGGER_SYSVIEW_Config_FreeRTOS.d" -MT"ThirdParty/SEGGER/Config/SEGGER_SYSVIEW_Config_FreeRTOS.o" -o "ThirdParty/SEGGER/Config/SEGGER_SYSVIEW_Config_FreeRTOS.o" "../ThirdParty/SEGGER/Config/SEGGER_SYSVIEW_Config_FreeRTOS.c"
 
arm-none-eabi-gcc -mcpu=cortex-m4 -mthumb -mfloat-abi=hard -mfpu=fpv4-sp-d16 -DSTM32 -DSTM32F4 -DSTM32F446RETx -DNUCLEO_F446RE -DDEBUG -DSTM32F446xx -DUSE_STDPERIPH_DRIVER -I"C:/Users/kaush/Documents/GitHub/FreeRTOS/STM32_HelloWorld/Config" -I"C:/Users/kaush/Documents/GitHub/FreeRTOS/STM32_HelloWorld/StdPeriph_Driver/inc" -I"C:/Users/kaush/Documents/GitHub/FreeRTOS/STM32_HelloWorld/ThirdParty/FreeRTOS/org/Source/include" -I"C:/Users/kaush/Documents/GitHub/FreeRTOS/STM32_HelloWorld/ThirdParty/FreeRTOS/org/Source/portable/GCC/ARM_CM4F" -I"C:/Users/kaush/Documents/GitHub/FreeRTOS/STM32_HelloWorld/ThirdParty/SEGGER/Config" -I"C:/Users/kaush/Documents/GitHub/FreeRTOS/STM32_HelloWorld/ThirdParty/SEGGER/OS" -I"C:/Users/kaush/Documents/GitHub/FreeRTOS/STM32_HelloWorld/ThirdParty/SEGGER/SEGGER" -I"C:/Users/kaush/Documents/GitHub/FreeRTOS/STM32_HelloWorld/inc" -I"C:/Users/kaush/Documents/GitHub/FreeRTOS/STM32_HelloWorld/CMSIS/device" -I"C:/Users/kaush/Documents/GitHub/FreeRTOS/STM32_HelloWorld/CMSIS/core" -O0 -g3 -Wall -fmessage-length=0 -ffunction-sections -c -MMD -MP -MF"ThirdParty/FreeRTOS/org/Source/portable/MemMang/heap_4.d" -MT"ThirdParty/FreeRTOS/org/Source/portable/MemMang/heap_4.o" -o "ThirdParty/FreeRTOS/org/Source/portable/MemMang/heap_4.o" "../ThirdParty/FreeRTOS/org/Source/portable/MemMang/heap_4.c"
C:\Users\kaush\Documents\GitHub\FreeRTOS\STM32_HelloWorld\Debug
arm-none-eabi-gcc -mcpu=cortex-m4 -mthumb -mfloat-abi=hard -mfpu=fpv4-sp-d16 -DSTM32 -DSTM32F4 -DSTM32F446RETx -DNUCLEO_F446RE -DDEBUG -DSTM32F446xx -DUSE_STDPERIPH_DRIVER -I"C:/Users/kaush/Documents/GitHub/FreeRTOS/STM32_HelloWorld/Config" -I"C:/Users/kaush/Documents/GitHub/FreeRTOS/STM32_HelloWorld/StdPeriph_Driver/inc" -I"C:/Users/kaush/Documents/GitHub/FreeRTOS/STM32_HelloWorld/ThirdParty/FreeRTOS/org/Source/include" -I"C:/Users/kaush/Documents/GitHub/FreeRTOS/STM32_HelloWorld/ThirdParty/FreeRTOS/org/Source/portable/GCC/ARM_CM4F" -I"C:/Users/kaush/Documents/GitHub/FreeRTOS/STM32_HelloWorld/ThirdParty/SEGGER/Config" -I"C:/Users/kaush/Documents/GitHub/FreeRTOS/STM32_HelloWorld/ThirdParty/SEGGER/OS" -I"C:/Users/kaush/Documents/GitHub/FreeRTOS/STM32_HelloWorld/ThirdParty/SEGGER/SEGGER" -I"C:/Users/kaush/Documents/GitHub/FreeRTOS/STM32_HelloWorld/inc" -I"C:/Users/kaush/Documents/GitHub/FreeRTOS/STM32_HelloWorld/CMSIS/device" -I"C:/Users/kaush/Documents/GitHub/FreeRTOS/STM32_HelloWorld/CMSIS/core" -O0 -g3 -Wall -fmessage-length=0 -ffunction-sections -c -MMD -MP -MF"ThirdParty/FreeRTOS/org/Source/portable/GCC/ARM_CM4F/port.d" -MT"ThirdParty/FreeRTOS/org/Source/portable/GCC/ARM_CM4F/port.o" -o "ThirdParty/FreeRTOS/org/Source/portable/GCC/ARM_CM4F/port.o" "../ThirdParty/FreeRTOS/org/Source/portable/GCC/ARM_CM4F/port.c"
C:\Users\kaush\Documents\GitHub\FreeRTOS\STM32_HelloWorld\Debug
Building file: ../ThirdParty/FreeRTOS/org/Source/event_groups.c
arm-none-eabi-gcc -mcpu=cortex-m4 -mthumb -mfloat-abi=hard -mfpu=fpv4-sp-d16 -DSTM32 -DSTM32F4 -DSTM32F446RETx -DNUCLEO_F446RE -DDEBUG -DSTM32F446xx -DUSE_STDPERIPH_DRIVER -I"C:/Users/kaush/Documents/GitHub/FreeRTOS/STM32_HelloWorld/Config" -I"C:/Users/kaush/Documents/GitHub/FreeRTOS/STM32_HelloWorld/StdPeriph_Driver/inc" -I"C:/Users/kaush/Documents/GitHub/FreeRTOS/STM32_HelloWorld/ThirdParty/FreeRTOS/org/Source/include" -I"C:/Users/kaush/Documents/GitHub/FreeRTOS/STM32_HelloWorld/ThirdParty/FreeRTOS/org/Source/portable/GCC/ARM_CM4F" -I"C:/Users/kaush/Documents/GitHub/FreeRTOS/STM32_HelloWorld/ThirdParty/SEGGER/Config" -I"C:/Users/kaush/Documents/GitHub/FreeRTOS/STM32_HelloWorld/ThirdParty/SEGGER/OS" -I"C:/Users/kaush/Documents/GitHub/FreeRTOS/STM32_HelloWorld/ThirdParty/SEGGER/SEGGER" -I"C:/Users/kaush/Documents/GitHub/FreeRTOS/STM32_HelloWorld/inc" -I"C:/Users/kaush/Documents/GitHub/FreeRTOS/STM32_HelloWorld/CMSIS/device" -I"C:/Users/kaush/Documents/GitHub/FreeRTOS/STM32_HelloWorld/CMSIS/core" -O0 -g3 -Wall -fmessage-length=0 -ffunction-sections -c -MMD -MP -MF"ThirdParty/FreeRTOS/org/Source/croutine.d" -MT"ThirdParty/FreeRTOS/org/Source/croutine.o" -o "ThirdParty/FreeRTOS/org/Source/croutine.o" "../ThirdParty/FreeRTOS/org/Source/croutine.c"
Building file: ../ThirdParty/FreeRTOS/org/Source/list.c
Invoking: MCU GCC Compiler
Building file: ../ThirdParty/FreeRTOS/org/Source/queue.c
Invoking: MCU GCC Compiler
C:\Users\kaush\Documents\GitHub\FreeRTOS\STM32_HelloWorld\Debug
arm-none-eabi-gcc -mcpu=cortex-m4 -mthumb -mfloat-abi=hard -mfpu=fpv4-sp-d16 -DSTM32 -DSTM32F4 -DSTM32F446RETx -DNUCLEO_F446RE -DDEBUG -DSTM32F446xx -DUSE_STDPERIPH_DRIVER -I"C:/Users/kaush/Documents/GitHub/FreeRTOS/STM32_HelloWorld/Config" -I"C:/Users/kaush/Documents/GitHub/FreeRTOS/STM32_HelloWorld/StdPeriph_Driver/inc" -I"C:/Users/kaush/Documents/GitHub/FreeRTOS/STM32_HelloWorld/ThirdParty/FreeRTOS/org/Source/include" -I"C:/Users/kaush/Documents/GitHub/FreeRTOS/STM32_HelloWorld/ThirdParty/FreeRTOS/org/Source/portable/GCC/ARM_CM4F" -I"C:/Users/kaush/Documents/GitHub/FreeRTOS/STM32_HelloWorld/ThirdParty/SEGGER/Config" -I"C:/Users/kaush/Documents/GitHub/FreeRTOS/STM32_HelloWorld/ThirdParty/SEGGER/OS" -I"C:/Users/kaush/Documents/GitHub/FreeRTOS/STM32_HelloWorld/ThirdParty/SEGGER/SEGGER" -I"C:/Users/kaush/Documents/GitHub/FreeRTOS/STM32_HelloWorld/inc" -I"C:/Users/kaush/Documents/GitHub/FreeRTOS/STM32_HelloWorld/CMSIS/device" -I"C:/Users/kaush/Documents/GitHub/FreeRTOS/STM32_HelloWorld/CMSIS/core" -O0 -g3 -Wall -fmessage-length=0 -ffunction-sections -c -MMD -MP -MF"ThirdParty/FreeRTOS/org/Source/event_groups.d" -MT"ThirdParty/FreeRTOS/org/Source/event_groups.o" -o "ThirdParty/FreeRTOS/org/Source/event_groups.o" "../ThirdParty/FreeRTOS/org/Source/event_groups.c"
Invoking: MCU GCC Compiler
C:\Users\kaush\Documents\GitHub\FreeRTOS\STM32_HelloWorld\Debug
arm-none-eabi-gcc -mcpu=cortex-m4 -mthumb -mfloat-abi=hard -mfpu=fpv4-sp-d16 -DSTM32 -DSTM32F4 -DSTM32F446RETx -DNUCLEO_F446RE -DDEBUG -DSTM32F446xx -DUSE_STDPERIPH_DRIVER -I"C:/Users/kaush/Documents/GitHub/FreeRTOS/STM32_HelloWorld/Config" -I"C:/Users/kaush/Documents/GitHub/FreeRTOS/STM32_HelloWorld/StdPeriph_Driver/inc" -I"C:/Users/kaush/Documents/GitHub/FreeRTOS/STM32_HelloWorld/ThirdParty/FreeRTOS/org/Source/include" -I"C:/Users/kaush/Documents/GitHub/FreeRTOS/STM32_HelloWorld/ThirdParty/FreeRTOS/org/Source/portable/GCC/ARM_CM4F" -I"C:/Users/kaush/Documents/GitHub/FreeRTOS/STM32_HelloWorld/ThirdParty/SEGGER/Config" -I"C:/Users/kaush/Documents/GitHub/FreeRTOS/STM32_HelloWorld/ThirdParty/SEGGER/OS" -I"C:/Users/kaush/Documents/GitHub/FreeRTOS/STM32_HelloWorld/ThirdParty/SEGGER/SEGGER" -I"C:/Users/kaush/Documents/GitHub/FreeRTOS/STM32_HelloWorld/inc" -I"C:/Users/kaush/Documents/GitHub/FreeRTOS/STM32_HelloWorld/CMSIS/device" -I"C:/Users/kaush/Documents/GitHub/FreeRTOS/STM32_HelloWorld/CMSIS/core" -O0 -g3 -Wall -fmessage-length=0 -ffunction-sections -c -MMD -MP -MF"ThirdParty/FreeRTOS/org/Source/list.d" -MT"ThirdParty/FreeRTOS/org/Source/list.o" -o "ThirdParty/FreeRTOS/org/Source/list.o" "../ThirdParty/FreeRTOS/org/Source/list.c"
C:\Users\kaush\Documents\GitHub\FreeRTOS\STM32_HelloWorld\Debug
arm-none-eabi-gcc -mcpu=cortex-m4 -mthumb -mfloat-abi=hard -mfpu=fpv4-sp-d16 -DSTM32 -DSTM32F4 -DSTM32F446RETx -DNUCLEO_F446RE -DDEBUG -DSTM32F446xx -DUSE_STDPERIPH_DRIVER -I"C:/Users/kaush/Documents/GitHub/FreeRTOS/STM32_HelloWorld/Config" -I"C:/Users/kaush/Documents/GitHub/FreeRTOS/STM32_HelloWorld/StdPeriph_Driver/inc" -I"C:/Users/kaush/Documents/GitHub/FreeRTOS/STM32_HelloWorld/ThirdParty/FreeRTOS/org/Source/include" -I"C:/Users/kaush/Documents/GitHub/FreeRTOS/STM32_HelloWorld/ThirdParty/FreeRTOS/org/Source/portable/GCC/ARM_CM4F" -I"C:/Users/kaush/Documents/GitHub/FreeRTOS/STM32_HelloWorld/ThirdParty/SEGGER/Config" -I"C:/Users/kaush/Documents/GitHub/FreeRTOS/STM32_HelloWorld/ThirdParty/SEGGER/OS" -I"C:/Users/kaush/Documents/GitHub/FreeRTOS/STM32_HelloWorld/ThirdParty/SEGGER/SEGGER" -I"C:/Users/kaush/Documents/GitHub/FreeRTOS/STM32_HelloWorld/inc" -I"C:/Users/kaush/Documents/GitHub/FreeRTOS/STM32_HelloWorld/CMSIS/device" -I"C:/Users/kaush/Documents/GitHub/FreeRTOS/STM32_HelloWorld/CMSIS/core" -O0 -g3 -Wall -fmessage-length=0 -ffunction-sections -c -MMD -MP -MF"ThirdParty/FreeRTOS/org/Source/queue.d" -MT"ThirdParty/FreeRTOS/org/Source/queue.o" -o "ThirdParty/FreeRTOS/org/Source/queue.o" "../ThirdParty/FreeRTOS/org/Source/queue.c"
Finished building: ../ThirdParty/SEGGER/SEGGER/SEGGER_RTT.c
Finished building: ../ThirdParty/SEGGER/Config/SEGGER_SYSVIEW_Config_FreeRTOS.c
 
 
Building file: ../ThirdParty/FreeRTOS/org/Source/stream_buffer.c
Building file: ../ThirdParty/FreeRTOS/org/Source/tasks.c
Finished building: ../ThirdParty/SEGGER/OS/SEGGER_SYSVIEW_FreeRTOS.c
Finished building: ../ThirdParty/FreeRTOS/org/Source/portable/GCC/ARM_CM4F/port.c
Finished building: ../ThirdParty/FreeRTOS/org/Source/croutine.c
Invoking: MCU GCC Compiler
Invoking: MCU GCC Compiler
 
 
 
Finished building: ../src/system_stm32f4xx.c
C:\Users\kaush\Documents\GitHub\FreeRTOS\STM32_HelloWorld\Debug
Finished building: ../ThirdParty/FreeRTOS/org/Source/portable/MemMang/heap_4.c
arm-none-eabi-gcc -mcpu=cortex-m4 -mthumb -mfloat-abi=hard -mfpu=fpv4-sp-d16 -DSTM32 -DSTM32F4 -DSTM32F446RETx -DNUCLEO_F446RE -DDEBUG -DSTM32F446xx -DUSE_STDPERIPH_DRIVER -I"C:/Users/kaush/Documents/GitHub/FreeRTOS/STM32_HelloWorld/Config" -I"C:/Users/kaush/Documents/GitHub/FreeRTOS/STM32_HelloWorld/StdPeriph_Driver/inc" -I"C:/Users/kaush/Documents/GitHub/FreeRTOS/STM32_HelloWorld/ThirdParty/FreeRTOS/org/Source/include" -I"C:/Users/kaush/Documents/GitHub/FreeRTOS/STM32_HelloWorld/ThirdParty/FreeRTOS/org/Source/portable/GCC/ARM_CM4F" -I"C:/Users/kaush/Documents/GitHub/FreeRTOS/STM32_HelloWorld/ThirdParty/SEGGER/Config" -I"C:/Users/kaush/Documents/GitHub/FreeRTOS/STM32_HelloWorld/ThirdParty/SEGGER/OS" -I"C:/Users/kaush/Documents/GitHub/FreeRTOS/STM32_HelloWorld/ThirdParty/SEGGER/SEGGER" -I"C:/Users/kaush/Documents/GitHub/FreeRTOS/STM32_HelloWorld/inc" -I"C:/Users/kaush/Documents/GitHub/FreeRTOS/STM32_HelloWorld/CMSIS/device" -I"C:/Users/kaush/Documents/GitHub/FreeRTOS/STM32_HelloWorld/CMSIS/core" -O0 -g3 -Wall -fmessage-length=0 -ffunction-sections -c -MMD -MP -MF"ThirdParty/FreeRTOS/org/Source/stream_buffer.d" -MT"ThirdParty/FreeRTOS/org/Source/stream_buffer.o" -o "ThirdParty/FreeRTOS/org/Source/stream_buffer.o" "../ThirdParty/FreeRTOS/org/Source/stream_buffer.c"
C:\Users\kaush\Documents\GitHub\FreeRTOS\STM32_HelloWorld\Debug
Building file: ../ThirdParty/FreeRTOS/org/Source/timers.c
arm-none-eabi-gcc -mcpu=cortex-m4 -mthumb -mfloat-abi=hard -mfpu=fpv4-sp-d16 -DSTM32 -DSTM32F4 -DSTM32F446RETx -DNUCLEO_F446RE -DDEBUG -DSTM32F446xx -DUSE_STDPERIPH_DRIVER -I"C:/Users/kaush/Documents/GitHub/FreeRTOS/STM32_HelloWorld/Config" -I"C:/Users/kaush/Documents/GitHub/FreeRTOS/STM32_HelloWorld/StdPeriph_Driver/inc" -I"C:/Users/kaush/Documents/GitHub/FreeRTOS/STM32_HelloWorld/ThirdParty/FreeRTOS/org/Source/include" -I"C:/Users/kaush/Documents/GitHub/FreeRTOS/STM32_HelloWorld/ThirdParty/FreeRTOS/org/Source/portable/GCC/ARM_CM4F" -I"C:/Users/kaush/Documents/GitHub/FreeRTOS/STM32_HelloWorld/ThirdParty/SEGGER/Config" -I"C:/Users/kaush/Documents/GitHub/FreeRTOS/STM32_HelloWorld/ThirdParty/SEGGER/OS" -I"C:/Users/kaush/Documents/GitHub/FreeRTOS/STM32_HelloWorld/ThirdParty/SEGGER/SEGGER" -I"C:/Users/kaush/Documents/GitHub/FreeRTOS/STM32_HelloWorld/inc" -I"C:/Users/kaush/Documents/GitHub/FreeRTOS/STM32_HelloWorld/CMSIS/device" -I"C:/Users/kaush/Documents/GitHub/FreeRTOS/STM32_HelloWorld/CMSIS/core" -O0 -g3 -Wall -fmessage-length=0 -ffunction-sections -c -MMD -MP -MF"ThirdParty/FreeRTOS/org/Source/tasks.d" -MT"ThirdParty/FreeRTOS/org/Source/tasks.o" -o "ThirdParty/FreeRTOS/org/Source/tasks.o" "../ThirdParty/FreeRTOS/org/Source/tasks.c"
 
 
Invoking: MCU GCC Compiler
Building file: ../StdPeriph_Driver/src/misc.c
Building file: ../StdPeriph_Driver/src/stm32f4xx_adc.c
Finished building: ../ThirdParty/FreeRTOS/org/Source/list.c
C:\Users\kaush\Documents\GitHub\FreeRTOS\STM32_HelloWorld\Debug
Building file: ../StdPeriph_Driver/src/stm32f4xx_can.c
arm-none-eabi-gcc -mcpu=cortex-m4 -mthumb -mfloat-abi=hard -mfpu=fpv4-sp-d16 -DSTM32 -DSTM32F4 -DSTM32F446RETx -DNUCLEO_F446RE -DDEBUG -DSTM32F446xx -DUSE_STDPERIPH_DRIVER -I"C:/Users/kaush/Documents/GitHub/FreeRTOS/STM32_HelloWorld/Config" -I"C:/Users/kaush/Documents/GitHub/FreeRTOS/STM32_HelloWorld/StdPeriph_Driver/inc" -I"C:/Users/kaush/Documents/GitHub/FreeRTOS/STM32_HelloWorld/ThirdParty/FreeRTOS/org/Source/include" -I"C:/Users/kaush/Documents/GitHub/FreeRTOS/STM32_HelloWorld/ThirdParty/FreeRTOS/org/Source/portable/GCC/ARM_CM4F" -I"C:/Users/kaush/Documents/GitHub/FreeRTOS/STM32_HelloWorld/ThirdParty/SEGGER/Config" -I"C:/Users/kaush/Documents/GitHub/FreeRTOS/STM32_HelloWorld/ThirdParty/SEGGER/OS" -I"C:/Users/kaush/Documents/GitHub/FreeRTOS/STM32_HelloWorld/ThirdParty/SEGGER/SEGGER" -I"C:/Users/kaush/Documents/GitHub/FreeRTOS/STM32_HelloWorld/inc" -I"C:/Users/kaush/Documents/GitHub/FreeRTOS/STM32_HelloWorld/CMSIS/device" -I"C:/Users/kaush/Documents/GitHub/FreeRTOS/STM32_HelloWorld/CMSIS/core" -O0 -g3 -Wall -fmessage-length=0 -ffunction-sections -c -MMD -MP -MF"ThirdParty/FreeRTOS/org/Source/timers.d" -MT"ThirdParty/FreeRTOS/org/Source/timers.o" -o "ThirdParty/FreeRTOS/org/Source/timers.o" "../ThirdParty/FreeRTOS/org/Source/timers.c"
Invoking: MCU GCC Compiler
Invoking: MCU GCC Compiler
 
Building file: ../StdPeriph_Driver/src/stm32f4xx_cec.c
Invoking: MCU GCC Compiler
C:\Users\kaush\Documents\GitHub\FreeRTOS\STM32_HelloWorld\Debug
Finished building: ../ThirdParty/FreeRTOS/org/Source/event_groups.c
arm-none-eabi-gcc -mcpu=cortex-m4 -mthumb -mfloat-abi=hard -mfpu=fpv4-sp-d16 -DSTM32 -DSTM32F4 -DSTM32F446RETx -DNUCLEO_F446RE -DDEBUG -DSTM32F446xx -DUSE_STDPERIPH_DRIVER -I"C:/Users/kaush/Documents/GitHub/FreeRTOS/STM32_HelloWorld/Config" -I"C:/Users/kaush/Documents/GitHub/FreeRTOS/STM32_HelloWorld/StdPeriph_Driver/inc" -I"C:/Users/kaush/Documents/GitHub/FreeRTOS/STM32_HelloWorld/ThirdParty/FreeRTOS/org/Source/include" -I"C:/Users/kaush/Documents/GitHub/FreeRTOS/STM32_HelloWorld/ThirdParty/FreeRTOS/org/Source/portable/GCC/ARM_CM4F" -I"C:/Users/kaush/Documents/GitHub/FreeRTOS/STM32_HelloWorld/ThirdParty/SEGGER/Config" -I"C:/Users/kaush/Documents/GitHub/FreeRTOS/STM32_HelloWorld/ThirdParty/SEGGER/OS" -I"C:/Users/kaush/Documents/GitHub/FreeRTOS/STM32_HelloWorld/ThirdParty/SEGGER/SEGGER" -I"C:/Users/kaush/Documents/GitHub/FreeRTOS/STM32_HelloWorld/inc" -I"C:/Users/kaush/Documents/GitHub/FreeRTOS/STM32_HelloWorld/CMSIS/device" -I"C:/Users/kaush/Documents/GitHub/FreeRTOS/STM32_HelloWorld/CMSIS/core" -O0 -g3 -Wall -fmessage-length=0 -ffunction-sections -c -MMD -MP -MF"StdPeriph_Driver/src/misc.d" -MT"StdPeriph_Driver/src/misc.o" -o "StdPeriph_Driver/src/misc.o" "../StdPeriph_Driver/src/misc.c"
Finished building: ../src/main.c
C:\Users\kaush\Documents\GitHub\FreeRTOS\STM32_HelloWorld\Debug
Invoking: MCU GCC Compiler
C:\Users\kaush\Documents\GitHub\FreeRTOS\STM32_HelloWorld\Debug
arm-none-eabi-gcc -mcpu=cortex-m4 -mthumb -mfloat-abi=hard -mfpu=fpv4-sp-d16 -DSTM32 -DSTM32F4 -DSTM32F446RETx -DNUCLEO_F446RE -DDEBUG -DSTM32F446xx -DUSE_STDPERIPH_DRIVER -I"C:/Users/kaush/Documents/GitHub/FreeRTOS/STM32_HelloWorld/Config" -I"C:/Users/kaush/Documents/GitHub/FreeRTOS/STM32_HelloWorld/StdPeriph_Driver/inc" -I"C:/Users/kaush/Documents/GitHub/FreeRTOS/STM32_HelloWorld/ThirdParty/FreeRTOS/org/Source/include" -I"C:/Users/kaush/Documents/GitHub/FreeRTOS/STM32_HelloWorld/ThirdParty/FreeRTOS/org/Source/portable/GCC/ARM_CM4F" -I"C:/Users/kaush/Documents/GitHub/FreeRTOS/STM32_HelloWorld/ThirdParty/SEGGER/Config" -I"C:/Users/kaush/Documents/GitHub/FreeRTOS/STM32_HelloWorld/ThirdParty/SEGGER/OS" -I"C:/Users/kaush/Documents/GitHub/FreeRTOS/STM32_HelloWorld/ThirdParty/SEGGER/SEGGER" -I"C:/Users/kaush/Documents/GitHub/FreeRTOS/STM32_HelloWorld/inc" -I"C:/Users/kaush/Documents/GitHub/FreeRTOS/STM32_HelloWorld/CMSIS/device" -I"C:/Users/kaush/Documents/GitHub/FreeRTOS/STM32_HelloWorld/CMSIS/core" -O0 -g3 -Wall -fmessage-length=0 -ffunction-sections -c -MMD -MP -MF"StdPeriph_Driver/src/stm32f4xx_adc.d" -MT"StdPeriph_Driver/src/stm32f4xx_adc.o" -o "StdPeriph_Driver/src/stm32f4xx_adc.o" "../StdPeriph_Driver/src/stm32f4xx_adc.c"
Finished building: ../ThirdParty/SEGGER/SEGGER/SEGGER_SYSVIEW.c
 
arm-none-eabi-gcc -mcpu=cortex-m4 -mthumb -mfloat-abi=hard -mfpu=fpv4-sp-d16 -DSTM32 -DSTM32F4 -DSTM32F446RETx -DNUCLEO_F446RE -DDEBUG -DSTM32F446xx -DUSE_STDPERIPH_DRIVER -I"C:/Users/kaush/Documents/GitHub/FreeRTOS/STM32_HelloWorld/Config" -I"C:/Users/kaush/Documents/GitHub/FreeRTOS/STM32_HelloWorld/StdPeriph_Driver/inc" -I"C:/Users/kaush/Documents/GitHub/FreeRTOS/STM32_HelloWorld/ThirdParty/FreeRTOS/org/Source/include" -I"C:/Users/kaush/Documents/GitHub/FreeRTOS/STM32_HelloWorld/ThirdParty/FreeRTOS/org/Source/portable/GCC/ARM_CM4F" -I"C:/Users/kaush/Documents/GitHub/FreeRTOS/STM32_HelloWorld/ThirdParty/SEGGER/Config" -I"C:/Users/kaush/Documents/GitHub/FreeRTOS/STM32_HelloWorld/ThirdParty/SEGGER/OS" -I"C:/Users/kaush/Documents/GitHub/FreeRTOS/STM32_HelloWorld/ThirdParty/SEGGER/SEGGER" -I"C:/Users/kaush/Documents/GitHub/FreeRTOS/STM32_HelloWorld/inc" -I"C:/Users/kaush/Documents/GitHub/FreeRTOS/STM32_HelloWorld/CMSIS/device" -I"C:/Users/kaush/Documents/GitHub/FreeRTOS/STM32_HelloWorld/CMSIS/core" -O0 -g3 -Wall -fmessage-length=0 -ffunction-sections -c -MMD -MP -MF"StdPeriph_Driver/src/stm32f4xx_can.d" -MT"StdPeriph_Driver/src/stm32f4xx_can.o" -o "StdPeriph_Driver/src/stm32f4xx_can.o" "../StdPeriph_Driver/src/stm32f4xx_can.c"
 
C:\Users\kaush\Documents\GitHub\FreeRTOS\STM32_HelloWorld\Debug
arm-none-eabi-gcc -mcpu=cortex-m4 -mthumb -mfloat-abi=hard -mfpu=fpv4-sp-d16 -DSTM32 -DSTM32F4 -DSTM32F446RETx -DNUCLEO_F446RE -DDEBUG -DSTM32F446xx -DUSE_STDPERIPH_DRIVER -I"C:/Users/kaush/Documents/GitHub/FreeRTOS/STM32_HelloWorld/Config" -I"C:/Users/kaush/Documents/GitHub/FreeRTOS/STM32_HelloWorld/StdPeriph_Driver/inc" -I"C:/Users/kaush/Documents/GitHub/FreeRTOS/STM32_HelloWorld/ThirdParty/FreeRTOS/org/Source/include" -I"C:/Users/kaush/Documents/GitHub/FreeRTOS/STM32_HelloWorld/ThirdParty/FreeRTOS/org/Source/portable/GCC/ARM_CM4F" -I"C:/Users/kaush/Documents/GitHub/FreeRTOS/STM32_HelloWorld/ThirdParty/SEGGER/Config" -I"C:/Users/kaush/Documents/GitHub/FreeRTOS/STM32_HelloWorld/ThirdParty/SEGGER/OS" -I"C:/Users/kaush/Documents/GitHub/FreeRTOS/STM32_HelloWorld/ThirdParty/SEGGER/SEGGER" -I"C:/Users/kaush/Documents/GitHub/FreeRTOS/STM32_HelloWorld/inc" -I"C:/Users/kaush/Documents/GitHub/FreeRTOS/STM32_HelloWorld/CMSIS/device" -I"C:/Users/kaush/Documents/GitHub/FreeRTOS/STM32_HelloWorld/CMSIS/core" -O0 -g3 -Wall -fmessage-length=0 -ffunction-sections -c -MMD -MP -MF"StdPeriph_Driver/src/stm32f4xx_cec.d" -MT"StdPeriph_Driver/src/stm32f4xx_cec.o" -o "StdPeriph_Driver/src/stm32f4xx_cec.o" "../StdPeriph_Driver/src/stm32f4xx_cec.c"
 
Building file: ../StdPeriph_Driver/src/stm32f4xx_crc.c
Building file: ../StdPeriph_Driver/src/stm32f4xx_cryp.c
Building file: ../StdPeriph_Driver/src/stm32f4xx_cryp_aes.c
Building file: ../StdPeriph_Driver/src/stm32f4xx_cryp_des.c
Invoking: MCU GCC Compiler
Invoking: MCU GCC Compiler
Invoking: MCU GCC Compiler
Invoking: MCU GCC Compiler
C:\Users\kaush\Documents\GitHub\FreeRTOS\STM32_HelloWorld\Debug
arm-none-eabi-gcc -mcpu=cortex-m4 -mthumb -mfloat-abi=hard -mfpu=fpv4-sp-d16 -DSTM32 -DSTM32F4 -DSTM32F446RETx -DNUCLEO_F446RE -DDEBUG -DSTM32F446xx -DUSE_STDPERIPH_DRIVER -I"C:/Users/kaush/Documents/GitHub/FreeRTOS/STM32_HelloWorld/Config" -I"C:/Users/kaush/Documents/GitHub/FreeRTOS/STM32_HelloWorld/StdPeriph_Driver/inc" -I"C:/Users/kaush/Documents/GitHub/FreeRTOS/STM32_HelloWorld/ThirdParty/FreeRTOS/org/Source/include" -I"C:/Users/kaush/Documents/GitHub/FreeRTOS/STM32_HelloWorld/ThirdParty/FreeRTOS/org/Source/portable/GCC/ARM_CM4F" -I"C:/Users/kaush/Documents/GitHub/FreeRTOS/STM32_HelloWorld/ThirdParty/SEGGER/Config" -I"C:/Users/kaush/Documents/GitHub/FreeRTOS/STM32_HelloWorld/ThirdParty/SEGGER/OS" -I"C:/Users/kaush/Documents/GitHub/FreeRTOS/STM32_HelloWorld/ThirdParty/SEGGER/SEGGER" -I"C:/Users/kaush/Documents/GitHub/FreeRTOS/STM32_HelloWorld/inc" -I"C:/Users/kaush/Documents/GitHub/FreeRTOS/STM32_HelloWorld/CMSIS/device" -I"C:/Users/kaush/Documents/GitHub/FreeRTOS/STM32_HelloWorld/CMSIS/core" -O0 -g3 -Wall -fmessage-length=0 -ffunction-sections -c -MMD -MP -MF"StdPeriph_Driver/src/stm32f4xx_crc.d" -MT"StdPeriph_Driver/src/stm32f4xx_crc.o" -o "StdPeriph_Driver/src/stm32f4xx_crc.o" "../StdPeriph_Driver/src/stm32f4xx_crc.c"
C:\Users\kaush\Documents\GitHub\FreeRTOS\STM32_HelloWorld\Debug
arm-none-eabi-gcc -mcpu=cortex-m4 -mthumb -mfloat-abi=hard -mfpu=fpv4-sp-d16 -DSTM32 -DSTM32F4 -DSTM32F446RETx -DNUCLEO_F446RE -DDEBUG -DSTM32F446xx -DUSE_STDPERIPH_DRIVER -I"C:/Users/kaush/Documents/GitHub/FreeRTOS/STM32_HelloWorld/Config" -I"C:/Users/kaush/Documents/GitHub/FreeRTOS/STM32_HelloWorld/StdPeriph_Driver/inc" -I"C:/Users/kaush/Documents/GitHub/FreeRTOS/STM32_HelloWorld/ThirdParty/FreeRTOS/org/Source/include" -I"C:/Users/kaush/Documents/GitHub/FreeRTOS/STM32_HelloWorld/ThirdParty/FreeRTOS/org/Source/portable/GCC/ARM_CM4F" -I"C:/Users/kaush/Documents/GitHub/FreeRTOS/STM32_HelloWorld/ThirdParty/SEGGER/Config" -I"C:/Users/kaush/Documents/GitHub/FreeRTOS/STM32_HelloWorld/ThirdParty/SEGGER/OS" -I"C:/Users/kaush/Documents/GitHub/FreeRTOS/STM32_HelloWorld/ThirdParty/SEGGER/SEGGER" -I"C:/Users/kaush/Documents/GitHub/FreeRTOS/STM32_HelloWorld/inc" -I"C:/Users/kaush/Documents/GitHub/FreeRTOS/STM32_HelloWorld/CMSIS/device" -I"C:/Users/kaush/Documents/GitHub/FreeRTOS/STM32_HelloWorld/CMSIS/core" -O0 -g3 -Wall -fmessage-length=0 -ffunction-sections -c -MMD -MP -MF"StdPeriph_Driver/src/stm32f4xx_cryp.d" -MT"StdPeriph_Driver/src/stm32f4xx_cryp.o" -o "StdPeriph_Driver/src/stm32f4xx_cryp.o" "../StdPeriph_Driver/src/stm32f4xx_cryp.c"
C:\Users\kaush\Documents\GitHub\FreeRTOS\STM32_HelloWorld\Debug
C:\Users\kaush\Documents\GitHub\FreeRTOS\STM32_HelloWorld\Debug
arm-none-eabi-gcc -mcpu=cortex-m4 -mthumb -mfloat-abi=hard -mfpu=fpv4-sp-d16 -DSTM32 -DSTM32F4 -DSTM32F446RETx -DNUCLEO_F446RE -DDEBUG -DSTM32F446xx -DUSE_STDPERIPH_DRIVER -I"C:/Users/kaush/Documents/GitHub/FreeRTOS/STM32_HelloWorld/Config" -I"C:/Users/kaush/Documents/GitHub/FreeRTOS/STM32_HelloWorld/StdPeriph_Driver/inc" -I"C:/Users/kaush/Documents/GitHub/FreeRTOS/STM32_HelloWorld/ThirdParty/FreeRTOS/org/Source/include" -I"C:/Users/kaush/Documents/GitHub/FreeRTOS/STM32_HelloWorld/ThirdParty/FreeRTOS/org/Source/portable/GCC/ARM_CM4F" -I"C:/Users/kaush/Documents/GitHub/FreeRTOS/STM32_HelloWorld/ThirdParty/SEGGER/Config" -I"C:/Users/kaush/Documents/GitHub/FreeRTOS/STM32_HelloWorld/ThirdParty/SEGGER/OS" -I"C:/Users/kaush/Documents/GitHub/FreeRTOS/STM32_HelloWorld/ThirdParty/SEGGER/SEGGER" -I"C:/Users/kaush/Documents/GitHub/FreeRTOS/STM32_HelloWorld/inc" -I"C:/Users/kaush/Documents/GitHub/FreeRTOS/STM32_HelloWorld/CMSIS/device" -I"C:/Users/kaush/Documents/GitHub/FreeRTOS/STM32_HelloWorld/CMSIS/core" -O0 -g3 -Wall -fmessage-length=0 -ffunction-sections -c -MMD -MP -MF"StdPeriph_Driver/src/stm32f4xx_cryp_aes.d" -MT"StdPeriph_Driver/src/stm32f4xx_cryp_aes.o" -o "StdPeriph_Driver/src/stm32f4xx_cryp_aes.o" "../StdPeriph_Driver/src/stm32f4xx_cryp_aes.c"
arm-none-eabi-gcc -mcpu=cortex-m4 -mthumb -mfloat-abi=hard -mfpu=fpv4-sp-d16 -DSTM32 -DSTM32F4 -DSTM32F446RETx -DNUCLEO_F446RE -DDEBUG -DSTM32F446xx -DUSE_STDPERIPH_DRIVER -I"C:/Users/kaush/Documents/GitHub/FreeRTOS/STM32_HelloWorld/Config" -I"C:/Users/kaush/Documents/GitHub/FreeRTOS/STM32_HelloWorld/StdPeriph_Driver/inc" -I"C:/Users/kaush/Documents/GitHub/FreeRTOS/STM32_HelloWorld/ThirdParty/FreeRTOS/org/Source/include" -I"C:/Users/kaush/Documents/GitHub/FreeRTOS/STM32_HelloWorld/ThirdParty/FreeRTOS/org/Source/portable/GCC/ARM_CM4F" -I"C:/Users/kaush/Documents/GitHub/FreeRTOS/STM32_HelloWorld/ThirdParty/SEGGER/Config" -I"C:/Users/kaush/Documents/GitHub/FreeRTOS/STM32_HelloWorld/ThirdParty/SEGGER/OS" -I"C:/Users/kaush/Documents/GitHub/FreeRTOS/STM32_HelloWorld/ThirdParty/SEGGER/SEGGER" -I"C:/Users/kaush/Documents/GitHub/FreeRTOS/STM32_HelloWorld/inc" -I"C:/Users/kaush/Documents/GitHub/FreeRTOS/STM32_HelloWorld/CMSIS/device" -I"C:/Users/kaush/Documents/GitHub/FreeRTOS/STM32_HelloWorld/CMSIS/core" -O0 -g3 -Wall -fmessage-length=0 -ffunction-sections -c -MMD -MP -MF"StdPeriph_Driver/src/stm32f4xx_cryp_des.d" -MT"StdPeriph_Driver/src/stm32f4xx_cryp_des.o" -o "StdPeriph_Driver/src/stm32f4xx_cryp_des.o" "../StdPeriph_Driver/src/stm32f4xx_cryp_des.c"
Finished building: ../ThirdParty/FreeRTOS/org/Source/queue.c
 
Building file: ../StdPeriph_Driver/src/stm32f4xx_cryp_tdes.c
Invoking: MCU GCC Compiler
C:\Users\kaush\Documents\GitHub\FreeRTOS\STM32_HelloWorld\Debug
arm-none-eabi-gcc -mcpu=cortex-m4 -mthumb -mfloat-abi=hard -mfpu=fpv4-sp-d16 -DSTM32 -DSTM32F4 -DSTM32F446RETx -DNUCLEO_F446RE -DDEBUG -DSTM32F446xx -DUSE_STDPERIPH_DRIVER -I"C:/Users/kaush/Documents/GitHub/FreeRTOS/STM32_HelloWorld/Config" -I"C:/Users/kaush/Documents/GitHub/FreeRTOS/STM32_HelloWorld/StdPeriph_Driver/inc" -I"C:/Users/kaush/Documents/GitHub/FreeRTOS/STM32_HelloWorld/ThirdParty/FreeRTOS/org/Source/include" -I"C:/Users/kaush/Documents/GitHub/FreeRTOS/STM32_HelloWorld/ThirdParty/FreeRTOS/org/Source/portable/GCC/ARM_CM4F" -I"C:/Users/kaush/Documents/GitHub/FreeRTOS/STM32_HelloWorld/ThirdParty/SEGGER/Config" -I"C:/Users/kaush/Documents/GitHub/FreeRTOS/STM32_HelloWorld/ThirdParty/SEGGER/OS" -I"C:/Users/kaush/Documents/GitHub/FreeRTOS/STM32_HelloWorld/ThirdParty/SEGGER/SEGGER" -I"C:/Users/kaush/Documents/GitHub/FreeRTOS/STM32_HelloWorld/inc" -I"C:/Users/kaush/Documents/GitHub/FreeRTOS/STM32_HelloWorld/CMSIS/device" -I"C:/Users/kaush/Documents/GitHub/FreeRTOS/STM32_HelloWorld/CMSIS/core" -O0 -g3 -Wall -fmessage-length=0 -ffunction-sections -c -MMD -MP -MF"StdPeriph_Driver/src/stm32f4xx_cryp_tdes.d" -MT"StdPeriph_Driver/src/stm32f4xx_cryp_tdes.o" -o "StdPeriph_Driver/src/stm32f4xx_cryp_tdes.o" "../StdPeriph_Driver/src/stm32f4xx_cryp_tdes.c"
Finished building: ../ThirdParty/FreeRTOS/org/Source/stream_buffer.c
 
Finished building: ../ThirdParty/FreeRTOS/org/Source/timers.c
Building file: ../StdPeriph_Driver/src/stm32f4xx_dac.c
 
Invoking: MCU GCC Compiler
Building file: ../StdPeriph_Driver/src/stm32f4xx_dbgmcu.c
Invoking: MCU GCC Compiler
C:\Users\kaush\Documents\GitHub\FreeRTOS\STM32_HelloWorld\Debug
arm-none-eabi-gcc -mcpu=cortex-m4 -mthumb -mfloat-abi=hard -mfpu=fpv4-sp-d16 -DSTM32 -DSTM32F4 -DSTM32F446RETx -DNUCLEO_F446RE -DDEBUG -DSTM32F446xx -DUSE_STDPERIPH_DRIVER -I"C:/Users/kaush/Documents/GitHub/FreeRTOS/STM32_HelloWorld/Config" -I"C:/Users/kaush/Documents/GitHub/FreeRTOS/STM32_HelloWorld/StdPeriph_Driver/inc" -I"C:/Users/kaush/Documents/GitHub/FreeRTOS/STM32_HelloWorld/ThirdParty/FreeRTOS/org/Source/include" -I"C:/Users/kaush/Documents/GitHub/FreeRTOS/STM32_HelloWorld/ThirdParty/FreeRTOS/org/Source/portable/GCC/ARM_CM4F" -I"C:/Users/kaush/Documents/GitHub/FreeRTOS/STM32_HelloWorld/ThirdParty/SEGGER/Config" -I"C:/Users/kaush/Documents/GitHub/FreeRTOS/STM32_HelloWorld/ThirdParty/SEGGER/OS" -I"C:/Users/kaush/Documents/GitHub/FreeRTOS/STM32_HelloWorld/ThirdParty/SEGGER/SEGGER" -I"C:/Users/kaush/Documents/GitHub/FreeRTOS/STM32_HelloWorld/inc" -I"C:/Users/kaush/Documents/GitHub/FreeRTOS/STM32_HelloWorld/CMSIS/device" -I"C:/Users/kaush/Documents/GitHub/FreeRTOS/STM32_HelloWorld/CMSIS/core" -O0 -g3 -Wall -fmessage-length=0 -ffunction-sections -c -MMD -MP -MF"StdPeriph_Driver/src/stm32f4xx_dac.d" -MT"StdPeriph_Driver/src/stm32f4xx_dac.o" -o "StdPeriph_Driver/src/stm32f4xx_dac.o" "../StdPeriph_Driver/src/stm32f4xx_dac.c"
C:\Users\kaush\Documents\GitHub\FreeRTOS\STM32_HelloWorld\Debug
arm-none-eabi-gcc -mcpu=cortex-m4 -mthumb -mfloat-abi=hard -mfpu=fpv4-sp-d16 -DSTM32 -DSTM32F4 -DSTM32F446RETx -DNUCLEO_F446RE -DDEBUG -DSTM32F446xx -DUSE_STDPERIPH_DRIVER -I"C:/Users/kaush/Documents/GitHub/FreeRTOS/STM32_HelloWorld/Config" -I"C:/Users/kaush/Documents/GitHub/FreeRTOS/STM32_HelloWorld/StdPeriph_Driver/inc" -I"C:/Users/kaush/Documents/GitHub/FreeRTOS/STM32_HelloWorld/ThirdParty/FreeRTOS/org/Source/include" -I"C:/Users/kaush/Documents/GitHub/FreeRTOS/STM32_HelloWorld/ThirdParty/FreeRTOS/org/Source/portable/GCC/ARM_CM4F" -I"C:/Users/kaush/Documents/GitHub/FreeRTOS/STM32_HelloWorld/ThirdParty/SEGGER/Config" -I"C:/Users/kaush/Documents/GitHub/FreeRTOS/STM32_HelloWorld/ThirdParty/SEGGER/OS" -I"C:/Users/kaush/Documents/GitHub/FreeRTOS/STM32_HelloWorld/ThirdParty/SEGGER/SEGGER" -I"C:/Users/kaush/Documents/GitHub/FreeRTOS/STM32_HelloWorld/inc" -I"C:/Users/kaush/Documents/GitHub/FreeRTOS/STM32_HelloWorld/CMSIS/device" -I"C:/Users/kaush/Documents/GitHub/FreeRTOS/STM32_HelloWorld/CMSIS/core" -O0 -g3 -Wall -fmessage-length=0 -ffunction-sections -c -MMD -MP -MF"StdPeriph_Driver/src/stm32f4xx_dbgmcu.d" -MT"StdPeriph_Driver/src/stm32f4xx_dbgmcu.o" -o "StdPeriph_Driver/src/stm32f4xx_dbgmcu.o" "../StdPeriph_Driver/src/stm32f4xx_dbgmcu.c"
Finished building: ../ThirdParty/FreeRTOS/org/Source/tasks.c
 
Finished building: ../StdPeriph_Driver/src/misc.c
Building file: ../StdPeriph_Driver/src/stm32f4xx_dcmi.c
 
Invoking: MCU GCC Compiler
Building file: ../StdPeriph_Driver/src/stm32f4xx_dfsdm.c
C:\Users\kaush\Documents\GitHub\FreeRTOS\STM32_HelloWorld\Debug
Finished building: ../StdPeriph_Driver/src/stm32f4xx_adc.c
arm-none-eabi-gcc -mcpu=cortex-m4 -mthumb -mfloat-abi=hard -mfpu=fpv4-sp-d16 -DSTM32 -DSTM32F4 -DSTM32F446RETx -DNUCLEO_F446RE -DDEBUG -DSTM32F446xx -DUSE_STDPERIPH_DRIVER -I"C:/Users/kaush/Documents/GitHub/FreeRTOS/STM32_HelloWorld/Config" -I"C:/Users/kaush/Documents/GitHub/FreeRTOS/STM32_HelloWorld/StdPeriph_Driver/inc" -I"C:/Users/kaush/Documents/GitHub/FreeRTOS/STM32_HelloWorld/ThirdParty/FreeRTOS/org/Source/include" -I"C:/Users/kaush/Documents/GitHub/FreeRTOS/STM32_HelloWorld/ThirdParty/FreeRTOS/org/Source/portable/GCC/ARM_CM4F" -I"C:/Users/kaush/Documents/GitHub/FreeRTOS/STM32_HelloWorld/ThirdParty/SEGGER/Config" -I"C:/Users/kaush/Documents/GitHub/FreeRTOS/STM32_HelloWorld/ThirdParty/SEGGER/OS" -I"C:/Users/kaush/Documents/GitHub/FreeRTOS/STM32_HelloWorld/ThirdParty/SEGGER/SEGGER" -I"C:/Users/kaush/Documents/GitHub/FreeRTOS/STM32_HelloWorld/inc" -I"C:/Users/kaush/Documents/GitHub/FreeRTOS/STM32_HelloWorld/CMSIS/device" -I"C:/Users/kaush/Documents/GitHub/FreeRTOS/STM32_HelloWorld/CMSIS/core" -O0 -g3 -Wall -fmessage-length=0 -ffunction-sections -c -MMD -MP -MF"StdPeriph_Driver/src/stm32f4xx_dcmi.d" -MT"StdPeriph_Driver/src/stm32f4xx_dcmi.o" -o "StdPeriph_Driver/src/stm32f4xx_dcmi.o" "../StdPeriph_Driver/src/stm32f4xx_dcmi.c"
Finished building: ../StdPeriph_Driver/src/stm32f4xx_cec.c
Invoking: MCU GCC Compiler
 
Finished building: ../StdPeriph_Driver/src/stm32f4xx_can.c
 
Finished building: ../StdPeriph_Driver/src/stm32f4xx_crc.c
C:\Users\kaush\Documents\GitHub\FreeRTOS\STM32_HelloWorld\Debug
Building file: ../StdPeriph_Driver/src/stm32f4xx_dma.c
arm-none-eabi-gcc -mcpu=cortex-m4 -mthumb -mfloat-abi=hard -mfpu=fpv4-sp-d16 -DSTM32 -DSTM32F4 -DSTM32F446RETx -DNUCLEO_F446RE -DDEBUG -DSTM32F446xx -DUSE_STDPERIPH_DRIVER -I"C:/Users/kaush/Documents/GitHub/FreeRTOS/STM32_HelloWorld/Config" -I"C:/Users/kaush/Documents/GitHub/FreeRTOS/STM32_HelloWorld/StdPeriph_Driver/inc" -I"C:/Users/kaush/Documents/GitHub/FreeRTOS/STM32_HelloWorld/ThirdParty/FreeRTOS/org/Source/include" -I"C:/Users/kaush/Documents/GitHub/FreeRTOS/STM32_HelloWorld/ThirdParty/FreeRTOS/org/Source/portable/GCC/ARM_CM4F" -I"C:/Users/kaush/Documents/GitHub/FreeRTOS/STM32_HelloWorld/ThirdParty/SEGGER/Config" -I"C:/Users/kaush/Documents/GitHub/FreeRTOS/STM32_HelloWorld/ThirdParty/SEGGER/OS" -I"C:/Users/kaush/Documents/GitHub/FreeRTOS/STM32_HelloWorld/ThirdParty/SEGGER/SEGGER" -I"C:/Users/kaush/Documents/GitHub/FreeRTOS/STM32_HelloWorld/inc" -I"C:/Users/kaush/Documents/GitHub/FreeRTOS/STM32_HelloWorld/CMSIS/device" -I"C:/Users/kaush/Documents/GitHub/FreeRTOS/STM32_HelloWorld/CMSIS/core" -O0 -g3 -Wall -fmessage-length=0 -ffunction-sections -c -MMD -MP -MF"StdPeriph_Driver/src/stm32f4xx_dfsdm.d" -MT"StdPeriph_Driver/src/stm32f4xx_dfsdm.o" -o "StdPeriph_Driver/src/stm32f4xx_dfsdm.o" "../StdPeriph_Driver/src/stm32f4xx_dfsdm.c"
 
Building file: ../StdPeriph_Driver/src/stm32f4xx_dma2d.c
 
Building file: ../StdPeriph_Driver/src/stm32f4xx_dsi.c
Invoking: MCU GCC Compiler
Invoking: MCU GCC Compiler
Building file: ../StdPeriph_Driver/src/stm32f4xx_exti.c
Finished building: ../StdPeriph_Driver/src/stm32f4xx_cryp.c
Finished building: ../StdPeriph_Driver/src/stm32f4xx_cryp_des.c
Invoking: MCU GCC Compiler
C:\Users\kaush\Documents\GitHub\FreeRTOS\STM32_HelloWorld\Debug
C:\Users\kaush\Documents\GitHub\FreeRTOS\STM32_HelloWorld\Debug
arm-none-eabi-gcc -mcpu=cortex-m4 -mthumb -mfloat-abi=hard -mfpu=fpv4-sp-d16 -DSTM32 -DSTM32F4 -DSTM32F446RETx -DNUCLEO_F446RE -DDEBUG -DSTM32F446xx -DUSE_STDPERIPH_DRIVER -I"C:/Users/kaush/Documents/GitHub/FreeRTOS/STM32_HelloWorld/Config" -I"C:/Users/kaush/Documents/GitHub/FreeRTOS/STM32_HelloWorld/StdPeriph_Driver/inc" -I"C:/Users/kaush/Documents/GitHub/FreeRTOS/STM32_HelloWorld/ThirdParty/FreeRTOS/org/Source/include" -I"C:/Users/kaush/Documents/GitHub/FreeRTOS/STM32_HelloWorld/ThirdParty/FreeRTOS/org/Source/portable/GCC/ARM_CM4F" -I"C:/Users/kaush/Documents/GitHub/FreeRTOS/STM32_HelloWorld/ThirdParty/SEGGER/Config" -I"C:/Users/kaush/Documents/GitHub/FreeRTOS/STM32_HelloWorld/ThirdParty/SEGGER/OS" -I"C:/Users/kaush/Documents/GitHub/FreeRTOS/STM32_HelloWorld/ThirdParty/SEGGER/SEGGER" -I"C:/Users/kaush/Documents/GitHub/FreeRTOS/STM32_HelloWorld/inc" -I"C:/Users/kaush/Documents/GitHub/FreeRTOS/STM32_HelloWorld/CMSIS/device" -I"C:/Users/kaush/Documents/GitHub/FreeRTOS/STM32_HelloWorld/CMSIS/core" -O0 -g3 -Wall -fmessage-length=0 -ffunction-sections -c -MMD -MP -MF"StdPeriph_Driver/src/stm32f4xx_dma.d" -MT"StdPeriph_Driver/src/stm32f4xx_dma.o" -o "StdPeriph_Driver/src/stm32f4xx_dma.o" "../StdPeriph_Driver/src/stm32f4xx_dma.c"
Invoking: MCU GCC Compiler
arm-none-eabi-gcc -mcpu=cortex-m4 -mthumb -mfloat-abi=hard -mfpu=fpv4-sp-d16 -DSTM32 -DSTM32F4 -DSTM32F446RETx -DNUCLEO_F446RE -DDEBUG -DSTM32F446xx -DUSE_STDPERIPH_DRIVER -I"C:/Users/kaush/Documents/GitHub/FreeRTOS/STM32_HelloWorld/Config" -I"C:/Users/kaush/Documents/GitHub/FreeRTOS/STM32_HelloWorld/StdPeriph_Driver/inc" -I"C:/Users/kaush/Documents/GitHub/FreeRTOS/STM32_HelloWorld/ThirdParty/FreeRTOS/org/Source/include" -I"C:/Users/kaush/Documents/GitHub/FreeRTOS/STM32_HelloWorld/ThirdParty/FreeRTOS/org/Source/portable/GCC/ARM_CM4F" -I"C:/Users/kaush/Documents/GitHub/FreeRTOS/STM32_HelloWorld/ThirdParty/SEGGER/Config" -I"C:/Users/kaush/Documents/GitHub/FreeRTOS/STM32_HelloWorld/ThirdParty/SEGGER/OS" -I"C:/Users/kaush/Documents/GitHub/FreeRTOS/STM32_HelloWorld/ThirdParty/SEGGER/SEGGER" -I"C:/Users/kaush/Documents/GitHub/FreeRTOS/STM32_HelloWorld/inc" -I"C:/Users/kaush/Documents/GitHub/FreeRTOS/STM32_HelloWorld/CMSIS/device" -I"C:/Users/kaush/Documents/GitHub/FreeRTOS/STM32_HelloWorld/CMSIS/core" -O0 -g3 -Wall -fmessage-length=0 -ffunction-sections -c -MMD -MP -MF"StdPeriph_Driver/src/stm32f4xx_dma2d.d" -MT"StdPeriph_Driver/src/stm32f4xx_dma2d.o" -o "StdPeriph_Driver/src/stm32f4xx_dma2d.o" "../StdPeriph_Driver/src/stm32f4xx_dma2d.c"
 
 
C:\Users\kaush\Documents\GitHub\FreeRTOS\STM32_HelloWorld\Debug
C:\Users\kaush\Documents\GitHub\FreeRTOS\STM32_HelloWorld\Debug
arm-none-eabi-gcc -mcpu=cortex-m4 -mthumb -mfloat-abi=hard -mfpu=fpv4-sp-d16 -DSTM32 -DSTM32F4 -DSTM32F446RETx -DNUCLEO_F446RE -DDEBUG -DSTM32F446xx -DUSE_STDPERIPH_DRIVER -I"C:/Users/kaush/Documents/GitHub/FreeRTOS/STM32_HelloWorld/Config" -I"C:/Users/kaush/Documents/GitHub/FreeRTOS/STM32_HelloWorld/StdPeriph_Driver/inc" -I"C:/Users/kaush/Documents/GitHub/FreeRTOS/STM32_HelloWorld/ThirdParty/FreeRTOS/org/Source/include" -I"C:/Users/kaush/Documents/GitHub/FreeRTOS/STM32_HelloWorld/ThirdParty/FreeRTOS/org/Source/portable/GCC/ARM_CM4F" -I"C:/Users/kaush/Documents/GitHub/FreeRTOS/STM32_HelloWorld/ThirdParty/SEGGER/Config" -I"C:/Users/kaush/Documents/GitHub/FreeRTOS/STM32_HelloWorld/ThirdParty/SEGGER/OS" -I"C:/Users/kaush/Documents/GitHub/FreeRTOS/STM32_HelloWorld/ThirdParty/SEGGER/SEGGER" -I"C:/Users/kaush/Documents/GitHub/FreeRTOS/STM32_HelloWorld/inc" -I"C:/Users/kaush/Documents/GitHub/FreeRTOS/STM32_HelloWorld/CMSIS/device" -I"C:/Users/kaush/Documents/GitHub/FreeRTOS/STM32_HelloWorld/CMSIS/core" -O0 -g3 -Wall -fmessage-length=0 -ffunction-sections -c -MMD -MP -MF"StdPeriph_Driver/src/stm32f4xx_dsi.d" -MT"StdPeriph_Driver/src/stm32f4xx_dsi.o" -o "StdPeriph_Driver/src/stm32f4xx_dsi.o" "../StdPeriph_Driver/src/stm32f4xx_dsi.c"
arm-none-eabi-gcc -mcpu=cortex-m4 -mthumb -mfloat-abi=hard -mfpu=fpv4-sp-d16 -DSTM32 -DSTM32F4 -DSTM32F446RETx -DNUCLEO_F446RE -DDEBUG -DSTM32F446xx -DUSE_STDPERIPH_DRIVER -I"C:/Users/kaush/Documents/GitHub/FreeRTOS/STM32_HelloWorld/Config" -I"C:/Users/kaush/Documents/GitHub/FreeRTOS/STM32_HelloWorld/StdPeriph_Driver/inc" -I"C:/Users/kaush/Documents/GitHub/FreeRTOS/STM32_HelloWorld/ThirdParty/FreeRTOS/org/Source/include" -I"C:/Users/kaush/Documents/GitHub/FreeRTOS/STM32_HelloWorld/ThirdParty/FreeRTOS/org/Source/portable/GCC/ARM_CM4F" -I"C:/Users/kaush/Documents/GitHub/FreeRTOS/STM32_HelloWorld/ThirdParty/SEGGER/Config" -I"C:/Users/kaush/Documents/GitHub/FreeRTOS/STM32_HelloWorld/ThirdParty/SEGGER/OS" -I"C:/Users/kaush/Documents/GitHub/FreeRTOS/STM32_HelloWorld/ThirdParty/SEGGER/SEGGER" -I"C:/Users/kaush/Documents/GitHub/FreeRTOS/STM32_HelloWorld/inc" -I"C:/Users/kaush/Documents/GitHub/FreeRTOS/STM32_HelloWorld/CMSIS/device" -I"C:/Users/kaush/Documents/GitHub/FreeRTOS/STM32_HelloWorld/CMSIS/core" -O0 -g3 -Wall -fmessage-length=0 -ffunction-sections -c -MMD -MP -MF"StdPeriph_Driver/src/stm32f4xx_exti.d" -MT"StdPeriph_Driver/src/stm32f4xx_exti.o" -o "StdPeriph_Driver/src/stm32f4xx_exti.o" "../StdPeriph_Driver/src/stm32f4xx_exti.c"
Building file: ../StdPeriph_Driver/src/stm32f4xx_flash.c
Building file: ../StdPeriph_Driver/src/stm32f4xx_flash_ramfunc.c
Invoking: MCU GCC Compiler
Invoking: MCU GCC Compiler
C:\Users\kaush\Documents\GitHub\FreeRTOS\STM32_HelloWorld\Debug
arm-none-eabi-gcc -mcpu=cortex-m4 -mthumb -mfloat-abi=hard -mfpu=fpv4-sp-d16 -DSTM32 -DSTM32F4 -DSTM32F446RETx -DNUCLEO_F446RE -DDEBUG -DSTM32F446xx -DUSE_STDPERIPH_DRIVER -I"C:/Users/kaush/Documents/GitHub/FreeRTOS/STM32_HelloWorld/Config" -I"C:/Users/kaush/Documents/GitHub/FreeRTOS/STM32_HelloWorld/StdPeriph_Driver/inc" -I"C:/Users/kaush/Documents/GitHub/FreeRTOS/STM32_HelloWorld/ThirdParty/FreeRTOS/org/Source/include" -I"C:/Users/kaush/Documents/GitHub/FreeRTOS/STM32_HelloWorld/ThirdParty/FreeRTOS/org/Source/portable/GCC/ARM_CM4F" -I"C:/Users/kaush/Documents/GitHub/FreeRTOS/STM32_HelloWorld/ThirdParty/SEGGER/Config" -I"C:/Users/kaush/Documents/GitHub/FreeRTOS/STM32_HelloWorld/ThirdParty/SEGGER/OS" -I"C:/Users/kaush/Documents/GitHub/FreeRTOS/STM32_HelloWorld/ThirdParty/SEGGER/SEGGER" -I"C:/Users/kaush/Documents/GitHub/FreeRTOS/STM32_HelloWorld/inc" -I"C:/Users/kaush/Documents/GitHub/FreeRTOS/STM32_HelloWorld/CMSIS/device" -I"C:/Users/kaush/Documents/GitHub/FreeRTOS/STM32_HelloWorld/CMSIS/core" -O0 -g3 -Wall -fmessage-length=0 -ffunction-sections -c -MMD -MP -MF"StdPeriph_Driver/src/stm32f4xx_flash.d" -MT"StdPeriph_Driver/src/stm32f4xx_flash.o" -o "StdPeriph_Driver/src/stm32f4xx_flash.o" "../StdPeriph_Driver/src/stm32f4xx_flash.c"
C:\Users\kaush\Documents\GitHub\FreeRTOS\STM32_HelloWorld\Debug
Finished building: ../StdPeriph_Driver/src/stm32f4xx_cryp_aes.c
arm-none-eabi-gcc -mcpu=cortex-m4 -mthumb -mfloat-abi=hard -mfpu=fpv4-sp-d16 -DSTM32 -DSTM32F4 -DSTM32F446RETx -DNUCLEO_F446RE -DDEBUG -DSTM32F446xx -DUSE_STDPERIPH_DRIVER -I"C:/Users/kaush/Documents/GitHub/FreeRTOS/STM32_HelloWorld/Config" -I"C:/Users/kaush/Documents/GitHub/FreeRTOS/STM32_HelloWorld/StdPeriph_Driver/inc" -I"C:/Users/kaush/Documents/GitHub/FreeRTOS/STM32_HelloWorld/ThirdParty/FreeRTOS/org/Source/include" -I"C:/Users/kaush/Documents/GitHub/FreeRTOS/STM32_HelloWorld/ThirdParty/FreeRTOS/org/Source/portable/GCC/ARM_CM4F" -I"C:/Users/kaush/Documents/GitHub/FreeRTOS/STM32_HelloWorld/ThirdParty/SEGGER/Config" -I"C:/Users/kaush/Documents/GitHub/FreeRTOS/STM32_HelloWorld/ThirdParty/SEGGER/OS" -I"C:/Users/kaush/Documents/GitHub/FreeRTOS/STM32_HelloWorld/ThirdParty/SEGGER/SEGGER" -I"C:/Users/kaush/Documents/GitHub/FreeRTOS/STM32_HelloWorld/inc" -I"C:/Users/kaush/Documents/GitHub/FreeRTOS/STM32_HelloWorld/CMSIS/device" -I"C:/Users/kaush/Documents/GitHub/FreeRTOS/STM32_HelloWorld/CMSIS/core" -O0 -g3 -Wall -fmessage-length=0 -ffunction-sections -c -MMD -MP -MF"StdPeriph_Driver/src/stm32f4xx_flash_ramfunc.d" -MT"StdPeriph_Driver/src/stm32f4xx_flash_ramfunc.o" -o "StdPeriph_Driver/src/stm32f4xx_flash_ramfunc.o" "../StdPeriph_Driver/src/stm32f4xx_flash_ramfunc.c"
 
Finished building: ../StdPeriph_Driver/src/stm32f4xx_cryp_tdes.c
Building file: ../StdPeriph_Driver/src/stm32f4xx_fmc.c
 
Invoking: MCU GCC Compiler
Building file: ../StdPeriph_Driver/src/stm32f4xx_fmip2c.c
C:\Users\kaush\Documents\GitHub\FreeRTOS\STM32_HelloWorld\Debug
Invoking: MCU GCC Compiler
arm-none-eabi-gcc -mcpu=cortex-m4 -mthumb -mfloat-abi=hard -mfpu=fpv4-sp-d16 -DSTM32 -DSTM32F4 -DSTM32F446RETx -DNUCLEO_F446RE -DDEBUG -DSTM32F446xx -DUSE_STDPERIPH_DRIVER -I"C:/Users/kaush/Documents/GitHub/FreeRTOS/STM32_HelloWorld/Config" -I"C:/Users/kaush/Documents/GitHub/FreeRTOS/STM32_HelloWorld/StdPeriph_Driver/inc" -I"C:/Users/kaush/Documents/GitHub/FreeRTOS/STM32_HelloWorld/ThirdParty/FreeRTOS/org/Source/include" -I"C:/Users/kaush/Documents/GitHub/FreeRTOS/STM32_HelloWorld/ThirdParty/FreeRTOS/org/Source/portable/GCC/ARM_CM4F" -I"C:/Users/kaush/Documents/GitHub/FreeRTOS/STM32_HelloWorld/ThirdParty/SEGGER/Config" -I"C:/Users/kaush/Documents/GitHub/FreeRTOS/STM32_HelloWorld/ThirdParty/SEGGER/OS" -I"C:/Users/kaush/Documents/GitHub/FreeRTOS/STM32_HelloWorld/ThirdParty/SEGGER/SEGGER" -I"C:/Users/kaush/Documents/GitHub/FreeRTOS/STM32_HelloWorld/inc" -I"C:/Users/kaush/Documents/GitHub/FreeRTOS/STM32_HelloWorld/CMSIS/device" -I"C:/Users/kaush/Documents/GitHub/FreeRTOS/STM32_HelloWorld/CMSIS/core" -O0 -g3 -Wall -fmessage-length=0 -ffunction-sections -c -MMD -MP -MF"StdPeriph_Driver/src/stm32f4xx_fmc.d" -MT"StdPeriph_Driver/src/stm32f4xx_fmc.o" -o "StdPeriph_Driver/src/stm32f4xx_fmc.o" "../StdPeriph_Driver/src/stm32f4xx_fmc.c"
C:\Users\kaush\Documents\GitHub\FreeRTOS\STM32_HelloWorld\Debug
Finished building: ../StdPeriph_Driver/src/stm32f4xx_dbgmcu.c
arm-none-eabi-gcc -mcpu=cortex-m4 -mthumb -mfloat-abi=hard -mfpu=fpv4-sp-d16 -DSTM32 -DSTM32F4 -DSTM32F446RETx -DNUCLEO_F446RE -DDEBUG -DSTM32F446xx -DUSE_STDPERIPH_DRIVER -I"C:/Users/kaush/Documents/GitHub/FreeRTOS/STM32_HelloWorld/Config" -I"C:/Users/kaush/Documents/GitHub/FreeRTOS/STM32_HelloWorld/StdPeriph_Driver/inc" -I"C:/Users/kaush/Documents/GitHub/FreeRTOS/STM32_HelloWorld/ThirdParty/FreeRTOS/org/Source/include" -I"C:/Users/kaush/Documents/GitHub/FreeRTOS/STM32_HelloWorld/ThirdParty/FreeRTOS/org/Source/portable/GCC/ARM_CM4F" -I"C:/Users/kaush/Documents/GitHub/FreeRTOS/STM32_HelloWorld/ThirdParty/SEGGER/Config" -I"C:/Users/kaush/Documents/GitHub/FreeRTOS/STM32_HelloWorld/ThirdParty/SEGGER/OS" -I"C:/Users/kaush/Documents/GitHub/FreeRTOS/STM32_HelloWorld/ThirdParty/SEGGER/SEGGER" -I"C:/Users/kaush/Documents/GitHub/FreeRTOS/STM32_HelloWorld/inc" -I"C:/Users/kaush/Documents/GitHub/FreeRTOS/STM32_HelloWorld/CMSIS/device" -I"C:/Users/kaush/Documents/GitHub/FreeRTOS/STM32_HelloWorld/CMSIS/core" -O0 -g3 -Wall -fmessage-length=0 -ffunction-sections -c -MMD -MP -MF"StdPeriph_Driver/src/stm32f4xx_fmip2c.d" -MT"StdPeriph_Driver/src/stm32f4xx_fmip2c.o" -o "StdPeriph_Driver/src/stm32f4xx_fmip2c.o" "../StdPeriph_Driver/src/stm32f4xx_fmip2c.c"
 
Building file: ../StdPeriph_Driver/src/stm32f4xx_fsmc.c
Finished building: ../StdPeriph_Driver/src/stm32f4xx_dac.c
Invoking: MCU GCC Compiler
 
C:\Users\kaush\Documents\GitHub\FreeRTOS\STM32_HelloWorld\Debug
Building file: ../StdPeriph_Driver/src/stm32f4xx_gpio.c
arm-none-eabi-gcc -mcpu=cortex-m4 -mthumb -mfloat-abi=hard -mfpu=fpv4-sp-d16 -DSTM32 -DSTM32F4 -DSTM32F446RETx -DNUCLEO_F446RE -DDEBUG -DSTM32F446xx -DUSE_STDPERIPH_DRIVER -I"C:/Users/kaush/Documents/GitHub/FreeRTOS/STM32_HelloWorld/Config" -I"C:/Users/kaush/Documents/GitHub/FreeRTOS/STM32_HelloWorld/StdPeriph_Driver/inc" -I"C:/Users/kaush/Documents/GitHub/FreeRTOS/STM32_HelloWorld/ThirdParty/FreeRTOS/org/Source/include" -I"C:/Users/kaush/Documents/GitHub/FreeRTOS/STM32_HelloWorld/ThirdParty/FreeRTOS/org/Source/portable/GCC/ARM_CM4F" -I"C:/Users/kaush/Documents/GitHub/FreeRTOS/STM32_HelloWorld/ThirdParty/SEGGER/Config" -I"C:/Users/kaush/Documents/GitHub/FreeRTOS/STM32_HelloWorld/ThirdParty/SEGGER/OS" -I"C:/Users/kaush/Documents/GitHub/FreeRTOS/STM32_HelloWorld/ThirdParty/SEGGER/SEGGER" -I"C:/Users/kaush/Documents/GitHub/FreeRTOS/STM32_HelloWorld/inc" -I"C:/Users/kaush/Documents/GitHub/FreeRTOS/STM32_HelloWorld/CMSIS/device" -I"C:/Users/kaush/Documents/GitHub/FreeRTOS/STM32_HelloWorld/CMSIS/core" -O0 -g3 -Wall -fmessage-length=0 -ffunction-sections -c -MMD -MP -MF"StdPeriph_Driver/src/stm32f4xx_fsmc.d" -MT"StdPeriph_Driver/src/stm32f4xx_fsmc.o" -o "StdPeriph_Driver/src/stm32f4xx_fsmc.o" "../StdPeriph_Driver/src/stm32f4xx_fsmc.c"
Invoking: MCU GCC Compiler
C:\Users\kaush\Documents\GitHub\FreeRTOS\STM32_HelloWorld\Debug
arm-none-eabi-gcc -mcpu=cortex-m4 -mthumb -mfloat-abi=hard -mfpu=fpv4-sp-d16 -DSTM32 -DSTM32F4 -DSTM32F446RETx -DNUCLEO_F446RE -DDEBUG -DSTM32F446xx -DUSE_STDPERIPH_DRIVER -I"C:/Users/kaush/Documents/GitHub/FreeRTOS/STM32_HelloWorld/Config" -I"C:/Users/kaush/Documents/GitHub/FreeRTOS/STM32_HelloWorld/StdPeriph_Driver/inc" -I"C:/Users/kaush/Documents/GitHub/FreeRTOS/STM32_HelloWorld/ThirdParty/FreeRTOS/org/Source/include" -I"C:/Users/kaush/Documents/GitHub/FreeRTOS/STM32_HelloWorld/ThirdParty/FreeRTOS/org/Source/portable/GCC/ARM_CM4F" -I"C:/Users/kaush/Documents/GitHub/FreeRTOS/STM32_HelloWorld/ThirdParty/SEGGER/Config" -I"C:/Users/kaush/Documents/GitHub/FreeRTOS/STM32_HelloWorld/ThirdParty/SEGGER/OS" -I"C:/Users/kaush/Documents/GitHub/FreeRTOS/STM32_HelloWorld/ThirdParty/SEGGER/SEGGER" -I"C:/Users/kaush/Documents/GitHub/FreeRTOS/STM32_HelloWorld/inc" -I"C:/Users/kaush/Documents/GitHub/FreeRTOS/STM32_HelloWorld/CMSIS/device" -I"C:/Users/kaush/Documents/GitHub/FreeRTOS/STM32_HelloWorld/CMSIS/core" -O0 -g3 -Wall -fmessage-length=0 -ffunction-sections -c -MMD -MP -MF"StdPeriph_Driver/src/stm32f4xx_gpio.d" -MT"StdPeriph_Driver/src/stm32f4xx_gpio.o" -o "StdPeriph_Driver/src/stm32f4xx_gpio.o" "../StdPeriph_Driver/src/stm32f4xx_gpio.c"
Finished building: ../StdPeriph_Driver/src/stm32f4xx_dfsdm.c
 
Finished building: ../StdPeriph_Driver/src/stm32f4xx_dcmi.c
Building file: ../StdPeriph_Driver/src/stm32f4xx_hash.c
 
Invoking: MCU GCC Compiler
Building file: ../StdPeriph_Driver/src/stm32f4xx_hash_md5.c
Finished building: ../StdPeriph_Driver/src/stm32f4xx_dsi.c
C:\Users\kaush\Documents\GitHub\FreeRTOS\STM32_HelloWorld\Debug
arm-none-eabi-gcc -mcpu=cortex-m4 -mthumb -mfloat-abi=hard -mfpu=fpv4-sp-d16 -DSTM32 -DSTM32F4 -DSTM32F446RETx -DNUCLEO_F446RE -DDEBUG -DSTM32F446xx -DUSE_STDPERIPH_DRIVER -I"C:/Users/kaush/Documents/GitHub/FreeRTOS/STM32_HelloWorld/Config" -I"C:/Users/kaush/Documents/GitHub/FreeRTOS/STM32_HelloWorld/StdPeriph_Driver/inc" -I"C:/Users/kaush/Documents/GitHub/FreeRTOS/STM32_HelloWorld/ThirdParty/FreeRTOS/org/Source/include" -I"C:/Users/kaush/Documents/GitHub/FreeRTOS/STM32_HelloWorld/ThirdParty/FreeRTOS/org/Source/portable/GCC/ARM_CM4F" -I"C:/Users/kaush/Documents/GitHub/FreeRTOS/STM32_HelloWorld/ThirdParty/SEGGER/Config" -I"C:/Users/kaush/Documents/GitHub/FreeRTOS/STM32_HelloWorld/ThirdParty/SEGGER/OS" -I"C:/Users/kaush/Documents/GitHub/FreeRTOS/STM32_HelloWorld/ThirdParty/SEGGER/SEGGER" -I"C:/Users/kaush/Documents/GitHub/FreeRTOS/STM32_HelloWorld/inc" -I"C:/Users/kaush/Documents/GitHub/FreeRTOS/STM32_HelloWorld/CMSIS/device" -I"C:/Users/kaush/Documents/GitHub/FreeRTOS/STM32_HelloWorld/CMSIS/core" -O0 -g3 -Wall -fmessage-length=0 -ffunction-sections -c -MMD -MP -MF"StdPeriph_Driver/src/stm32f4xx_hash.d" -MT"StdPeriph_Driver/src/stm32f4xx_hash.o" -o "StdPeriph_Driver/src/stm32f4xx_hash.o" "../StdPeriph_Driver/src/stm32f4xx_hash.c"
Invoking: MCU GCC Compiler
Finished building: ../StdPeriph_Driver/src/stm32f4xx_exti.c
 
 
Finished building: ../StdPeriph_Driver/src/stm32f4xx_dma.c
C:\Users\kaush\Documents\GitHub\FreeRTOS\STM32_HelloWorld\Debug
Building file: ../StdPeriph_Driver/src/stm32f4xx_hash_sha1.c
arm-none-eabi-gcc -mcpu=cortex-m4 -mthumb -mfloat-abi=hard -mfpu=fpv4-sp-d16 -DSTM32 -DSTM32F4 -DSTM32F446RETx -DNUCLEO_F446RE -DDEBUG -DSTM32F446xx -DUSE_STDPERIPH_DRIVER -I"C:/Users/kaush/Documents/GitHub/FreeRTOS/STM32_HelloWorld/Config" -I"C:/Users/kaush/Documents/GitHub/FreeRTOS/STM32_HelloWorld/StdPeriph_Driver/inc" -I"C:/Users/kaush/Documents/GitHub/FreeRTOS/STM32_HelloWorld/ThirdParty/FreeRTOS/org/Source/include" -I"C:/Users/kaush/Documents/GitHub/FreeRTOS/STM32_HelloWorld/ThirdParty/FreeRTOS/org/Source/portable/GCC/ARM_CM4F" -I"C:/Users/kaush/Documents/GitHub/FreeRTOS/STM32_HelloWorld/ThirdParty/SEGGER/Config" -I"C:/Users/kaush/Documents/GitHub/FreeRTOS/STM32_HelloWorld/ThirdParty/SEGGER/OS" -I"C:/Users/kaush/Documents/GitHub/FreeRTOS/STM32_HelloWorld/ThirdParty/SEGGER/SEGGER" -I"C:/Users/kaush/Documents/GitHub/FreeRTOS/STM32_HelloWorld/inc" -I"C:/Users/kaush/Documents/GitHub/FreeRTOS/STM32_HelloWorld/CMSIS/device" -I"C:/Users/kaush/Documents/GitHub/FreeRTOS/STM32_HelloWorld/CMSIS/core" -O0 -g3 -Wall -fmessage-length=0 -ffunction-sections -c -MMD -MP -MF"StdPeriph_Driver/src/stm32f4xx_hash_md5.d" -MT"StdPeriph_Driver/src/stm32f4xx_hash_md5.o" -o "StdPeriph_Driver/src/stm32f4xx_hash_md5.o" "../StdPeriph_Driver/src/stm32f4xx_hash_md5.c"
Finished building: ../StdPeriph_Driver/src/stm32f4xx_dma2d.c
Building file: ../StdPeriph_Driver/src/stm32f4xx_i2c.c
 
Invoking: MCU GCC Compiler
 
Finished building: ../StdPeriph_Driver/src/stm32f4xx_flash_ramfunc.c
Invoking: MCU GCC Compiler
Building file: ../StdPeriph_Driver/src/stm32f4xx_iwdg.c
C:\Users\kaush\Documents\GitHub\FreeRTOS\STM32_HelloWorld\Debug
 
C:\Users\kaush\Documents\GitHub\FreeRTOS\STM32_HelloWorld\Debug
arm-none-eabi-gcc -mcpu=cortex-m4 -mthumb -mfloat-abi=hard -mfpu=fpv4-sp-d16 -DSTM32 -DSTM32F4 -DSTM32F446RETx -DNUCLEO_F446RE -DDEBUG -DSTM32F446xx -DUSE_STDPERIPH_DRIVER -I"C:/Users/kaush/Documents/GitHub/FreeRTOS/STM32_HelloWorld/Config" -I"C:/Users/kaush/Documents/GitHub/FreeRTOS/STM32_HelloWorld/StdPeriph_Driver/inc" -I"C:/Users/kaush/Documents/GitHub/FreeRTOS/STM32_HelloWorld/ThirdParty/FreeRTOS/org/Source/include" -I"C:/Users/kaush/Documents/GitHub/FreeRTOS/STM32_HelloWorld/ThirdParty/FreeRTOS/org/Source/portable/GCC/ARM_CM4F" -I"C:/Users/kaush/Documents/GitHub/FreeRTOS/STM32_HelloWorld/ThirdParty/SEGGER/Config" -I"C:/Users/kaush/Documents/GitHub/FreeRTOS/STM32_HelloWorld/ThirdParty/SEGGER/OS" -I"C:/Users/kaush/Documents/GitHub/FreeRTOS/STM32_HelloWorld/ThirdParty/SEGGER/SEGGER" -I"C:/Users/kaush/Documents/GitHub/FreeRTOS/STM32_HelloWorld/inc" -I"C:/Users/kaush/Documents/GitHub/FreeRTOS/STM32_HelloWorld/CMSIS/device" -I"C:/Users/kaush/Documents/GitHub/FreeRTOS/STM32_HelloWorld/CMSIS/core" -O0 -g3 -Wall -fmessage-length=0 -ffunction-sections -c -MMD -MP -MF"StdPeriph_Driver/src/stm32f4xx_hash_sha1.d" -MT"StdPeriph_Driver/src/stm32f4xx_hash_sha1.o" -o "StdPeriph_Driver/src/stm32f4xx_hash_sha1.o" "../StdPeriph_Driver/src/stm32f4xx_hash_sha1.c"
arm-none-eabi-gcc -mcpu=cortex-m4 -mthumb -mfloat-abi=hard -mfpu=fpv4-sp-d16 -DSTM32 -DSTM32F4 -DSTM32F446RETx -DNUCLEO_F446RE -DDEBUG -DSTM32F446xx -DUSE_STDPERIPH_DRIVER -I"C:/Users/kaush/Documents/GitHub/FreeRTOS/STM32_HelloWorld/Config" -I"C:/Users/kaush/Documents/GitHub/FreeRTOS/STM32_HelloWorld/StdPeriph_Driver/inc" -I"C:/Users/kaush/Documents/GitHub/FreeRTOS/STM32_HelloWorld/ThirdParty/FreeRTOS/org/Source/include" -I"C:/Users/kaush/Documents/GitHub/FreeRTOS/STM32_HelloWorld/ThirdParty/FreeRTOS/org/Source/portable/GCC/ARM_CM4F" -I"C:/Users/kaush/Documents/GitHub/FreeRTOS/STM32_HelloWorld/ThirdParty/SEGGER/Config" -I"C:/Users/kaush/Documents/GitHub/FreeRTOS/STM32_HelloWorld/ThirdParty/SEGGER/OS" -I"C:/Users/kaush/Documents/GitHub/FreeRTOS/STM32_HelloWorld/ThirdParty/SEGGER/SEGGER" -I"C:/Users/kaush/Documents/GitHub/FreeRTOS/STM32_HelloWorld/inc" -I"C:/Users/kaush/Documents/GitHub/FreeRTOS/STM32_HelloWorld/CMSIS/device" -I"C:/Users/kaush/Documents/GitHub/FreeRTOS/STM32_HelloWorld/CMSIS/core" -O0 -g3 -Wall -fmessage-length=0 -ffunction-sections -c -MMD -MP -MF"StdPeriph_Driver/src/stm32f4xx_i2c.d" -MT"StdPeriph_Driver/src/stm32f4xx_i2c.o" -o "StdPeriph_Driver/src/stm32f4xx_i2c.o" "../StdPeriph_Driver/src/stm32f4xx_i2c.c"
Invoking: MCU GCC Compiler
Building file: ../StdPeriph_Driver/src/stm32f4xx_lptim.c
Finished building: ../StdPeriph_Driver/src/stm32f4xx_fmc.c
Building file: ../StdPeriph_Driver/src/stm32f4xx_ltdc.c
C:\Users\kaush\Documents\GitHub\FreeRTOS\STM32_HelloWorld\Debug
Invoking: MCU GCC Compiler
 
Finished building: ../StdPeriph_Driver/src/stm32f4xx_flash.c
arm-none-eabi-gcc -mcpu=cortex-m4 -mthumb -mfloat-abi=hard -mfpu=fpv4-sp-d16 -DSTM32 -DSTM32F4 -DSTM32F446RETx -DNUCLEO_F446RE -DDEBUG -DSTM32F446xx -DUSE_STDPERIPH_DRIVER -I"C:/Users/kaush/Documents/GitHub/FreeRTOS/STM32_HelloWorld/Config" -I"C:/Users/kaush/Documents/GitHub/FreeRTOS/STM32_HelloWorld/StdPeriph_Driver/inc" -I"C:/Users/kaush/Documents/GitHub/FreeRTOS/STM32_HelloWorld/ThirdParty/FreeRTOS/org/Source/include" -I"C:/Users/kaush/Documents/GitHub/FreeRTOS/STM32_HelloWorld/ThirdParty/FreeRTOS/org/Source/portable/GCC/ARM_CM4F" -I"C:/Users/kaush/Documents/GitHub/FreeRTOS/STM32_HelloWorld/ThirdParty/SEGGER/Config" -I"C:/Users/kaush/Documents/GitHub/FreeRTOS/STM32_HelloWorld/ThirdParty/SEGGER/OS" -I"C:/Users/kaush/Documents/GitHub/FreeRTOS/STM32_HelloWorld/ThirdParty/SEGGER/SEGGER" -I"C:/Users/kaush/Documents/GitHub/FreeRTOS/STM32_HelloWorld/inc" -I"C:/Users/kaush/Documents/GitHub/FreeRTOS/STM32_HelloWorld/CMSIS/device" -I"C:/Users/kaush/Documents/GitHub/FreeRTOS/STM32_HelloWorld/CMSIS/core" -O0 -g3 -Wall -fmessage-length=0 -ffunction-sections -c -MMD -MP -MF"StdPeriph_Driver/src/stm32f4xx_iwdg.d" -MT"StdPeriph_Driver/src/stm32f4xx_iwdg.o" -o "StdPeriph_Driver/src/stm32f4xx_iwdg.o" "../StdPeriph_Driver/src/stm32f4xx_iwdg.c"
Invoking: MCU GCC Compiler
C:\Users\kaush\Documents\GitHub\FreeRTOS\STM32_HelloWorld\Debug
arm-none-eabi-gcc -mcpu=cortex-m4 -mthumb -mfloat-abi=hard -mfpu=fpv4-sp-d16 -DSTM32 -DSTM32F4 -DSTM32F446RETx -DNUCLEO_F446RE -DDEBUG -DSTM32F446xx -DUSE_STDPERIPH_DRIVER -I"C:/Users/kaush/Documents/GitHub/FreeRTOS/STM32_HelloWorld/Config" -I"C:/Users/kaush/Documents/GitHub/FreeRTOS/STM32_HelloWorld/StdPeriph_Driver/inc" -I"C:/Users/kaush/Documents/GitHub/FreeRTOS/STM32_HelloWorld/ThirdParty/FreeRTOS/org/Source/include" -I"C:/Users/kaush/Documents/GitHub/FreeRTOS/STM32_HelloWorld/ThirdParty/FreeRTOS/org/Source/portable/GCC/ARM_CM4F" -I"C:/Users/kaush/Documents/GitHub/FreeRTOS/STM32_HelloWorld/ThirdParty/SEGGER/Config" -I"C:/Users/kaush/Documents/GitHub/FreeRTOS/STM32_HelloWorld/ThirdParty/SEGGER/OS" -I"C:/Users/kaush/Documents/GitHub/FreeRTOS/STM32_HelloWorld/ThirdParty/SEGGER/SEGGER" -I"C:/Users/kaush/Documents/GitHub/FreeRTOS/STM32_HelloWorld/inc" -I"C:/Users/kaush/Documents/GitHub/FreeRTOS/STM32_HelloWorld/CMSIS/device" -I"C:/Users/kaush/Documents/GitHub/FreeRTOS/STM32_HelloWorld/CMSIS/core" -O0 -g3 -Wall -fmessage-length=0 -ffunction-sections -c -MMD -MP -MF"StdPeriph_Driver/src/stm32f4xx_lptim.d" -MT"StdPeriph_Driver/src/stm32f4xx_lptim.o" -o "StdPeriph_Driver/src/stm32f4xx_lptim.o" "../StdPeriph_Driver/src/stm32f4xx_lptim.c"
 
Building file: ../StdPeriph_Driver/src/stm32f4xx_pwr.c
C:\Users\kaush\Documents\GitHub\FreeRTOS\STM32_HelloWorld\Debug
arm-none-eabi-gcc -mcpu=cortex-m4 -mthumb -mfloat-abi=hard -mfpu=fpv4-sp-d16 -DSTM32 -DSTM32F4 -DSTM32F446RETx -DNUCLEO_F446RE -DDEBUG -DSTM32F446xx -DUSE_STDPERIPH_DRIVER -I"C:/Users/kaush/Documents/GitHub/FreeRTOS/STM32_HelloWorld/Config" -I"C:/Users/kaush/Documents/GitHub/FreeRTOS/STM32_HelloWorld/StdPeriph_Driver/inc" -I"C:/Users/kaush/Documents/GitHub/FreeRTOS/STM32_HelloWorld/ThirdParty/FreeRTOS/org/Source/include" -I"C:/Users/kaush/Documents/GitHub/FreeRTOS/STM32_HelloWorld/ThirdParty/FreeRTOS/org/Source/portable/GCC/ARM_CM4F" -I"C:/Users/kaush/Documents/GitHub/FreeRTOS/STM32_HelloWorld/ThirdParty/SEGGER/Config" -I"C:/Users/kaush/Documents/GitHub/FreeRTOS/STM32_HelloWorld/ThirdParty/SEGGER/OS" -I"C:/Users/kaush/Documents/GitHub/FreeRTOS/STM32_HelloWorld/ThirdParty/SEGGER/SEGGER" -I"C:/Users/kaush/Documents/GitHub/FreeRTOS/STM32_HelloWorld/inc" -I"C:/Users/kaush/Documents/GitHub/FreeRTOS/STM32_HelloWorld/CMSIS/device" -I"C:/Users/kaush/Documents/GitHub/FreeRTOS/STM32_HelloWorld/CMSIS/core" -O0 -g3 -Wall -fmessage-length=0 -ffunction-sections -c -MMD -MP -MF"StdPeriph_Driver/src/stm32f4xx_ltdc.d" -MT"StdPeriph_Driver/src/stm32f4xx_ltdc.o" -o "StdPeriph_Driver/src/stm32f4xx_ltdc.o" "../StdPeriph_Driver/src/stm32f4xx_ltdc.c"
Building file: ../StdPeriph_Driver/src/stm32f4xx_qspi.c
Invoking: MCU GCC Compiler
Invoking: MCU GCC Compiler
C:\Users\kaush\Documents\GitHub\FreeRTOS\STM32_HelloWorld\Debug
arm-none-eabi-gcc -mcpu=cortex-m4 -mthumb -mfloat-abi=hard -mfpu=fpv4-sp-d16 -DSTM32 -DSTM32F4 -DSTM32F446RETx -DNUCLEO_F446RE -DDEBUG -DSTM32F446xx -DUSE_STDPERIPH_DRIVER -I"C:/Users/kaush/Documents/GitHub/FreeRTOS/STM32_HelloWorld/Config" -I"C:/Users/kaush/Documents/GitHub/FreeRTOS/STM32_HelloWorld/StdPeriph_Driver/inc" -I"C:/Users/kaush/Documents/GitHub/FreeRTOS/STM32_HelloWorld/ThirdParty/FreeRTOS/org/Source/include" -I"C:/Users/kaush/Documents/GitHub/FreeRTOS/STM32_HelloWorld/ThirdParty/FreeRTOS/org/Source/portable/GCC/ARM_CM4F" -I"C:/Users/kaush/Documents/GitHub/FreeRTOS/STM32_HelloWorld/ThirdParty/SEGGER/Config" -I"C:/Users/kaush/Documents/GitHub/FreeRTOS/STM32_HelloWorld/ThirdParty/SEGGER/OS" -I"C:/Users/kaush/Documents/GitHub/FreeRTOS/STM32_HelloWorld/ThirdParty/SEGGER/SEGGER" -I"C:/Users/kaush/Documents/GitHub/FreeRTOS/STM32_HelloWorld/inc" -I"C:/Users/kaush/Documents/GitHub/FreeRTOS/STM32_HelloWorld/CMSIS/device" -I"C:/Users/kaush/Documents/GitHub/FreeRTOS/STM32_HelloWorld/CMSIS/core" -O0 -g3 -Wall -fmessage-length=0 -ffunction-sections -c -MMD -MP -MF"StdPeriph_Driver/src/stm32f4xx_pwr.d" -MT"StdPeriph_Driver/src/stm32f4xx_pwr.o" -o "StdPeriph_Driver/src/stm32f4xx_pwr.o" "../StdPeriph_Driver/src/stm32f4xx_pwr.c"
Finished building: ../StdPeriph_Driver/src/stm32f4xx_fsmc.c
C:\Users\kaush\Documents\GitHub\FreeRTOS\STM32_HelloWorld\Debug
arm-none-eabi-gcc -mcpu=cortex-m4 -mthumb -mfloat-abi=hard -mfpu=fpv4-sp-d16 -DSTM32 -DSTM32F4 -DSTM32F446RETx -DNUCLEO_F446RE -DDEBUG -DSTM32F446xx -DUSE_STDPERIPH_DRIVER -I"C:/Users/kaush/Documents/GitHub/FreeRTOS/STM32_HelloWorld/Config" -I"C:/Users/kaush/Documents/GitHub/FreeRTOS/STM32_HelloWorld/StdPeriph_Driver/inc" -I"C:/Users/kaush/Documents/GitHub/FreeRTOS/STM32_HelloWorld/ThirdParty/FreeRTOS/org/Source/include" -I"C:/Users/kaush/Documents/GitHub/FreeRTOS/STM32_HelloWorld/ThirdParty/FreeRTOS/org/Source/portable/GCC/ARM_CM4F" -I"C:/Users/kaush/Documents/GitHub/FreeRTOS/STM32_HelloWorld/ThirdParty/SEGGER/Config" -I"C:/Users/kaush/Documents/GitHub/FreeRTOS/STM32_HelloWorld/ThirdParty/SEGGER/OS" -I"C:/Users/kaush/Documents/GitHub/FreeRTOS/STM32_HelloWorld/ThirdParty/SEGGER/SEGGER" -I"C:/Users/kaush/Documents/GitHub/FreeRTOS/STM32_HelloWorld/inc" -I"C:/Users/kaush/Documents/GitHub/FreeRTOS/STM32_HelloWorld/CMSIS/device" -I"C:/Users/kaush/Documents/GitHub/FreeRTOS/STM32_HelloWorld/CMSIS/core" -O0 -g3 -Wall -fmessage-length=0 -ffunction-sections -c -MMD -MP -MF"StdPeriph_Driver/src/stm32f4xx_qspi.d" -MT"StdPeriph_Driver/src/stm32f4xx_qspi.o" -o "StdPeriph_Driver/src/stm32f4xx_qspi.o" "../StdPeriph_Driver/src/stm32f4xx_qspi.c"
Finished building: ../StdPeriph_Driver/src/stm32f4xx_fmip2c.c
 
 
Building file: ../StdPeriph_Driver/src/stm32f4xx_rcc.c
Building file: ../StdPeriph_Driver/src/stm32f4xx_rng.c
Invoking: MCU GCC Compiler
Invoking: MCU GCC Compiler
C:\Users\kaush\Documents\GitHub\FreeRTOS\STM32_HelloWorld\Debug
C:\Users\kaush\Documents\GitHub\FreeRTOS\STM32_HelloWorld\Debug
arm-none-eabi-gcc -mcpu=cortex-m4 -mthumb -mfloat-abi=hard -mfpu=fpv4-sp-d16 -DSTM32 -DSTM32F4 -DSTM32F446RETx -DNUCLEO_F446RE -DDEBUG -DSTM32F446xx -DUSE_STDPERIPH_DRIVER -I"C:/Users/kaush/Documents/GitHub/FreeRTOS/STM32_HelloWorld/Config" -I"C:/Users/kaush/Documents/GitHub/FreeRTOS/STM32_HelloWorld/StdPeriph_Driver/inc" -I"C:/Users/kaush/Documents/GitHub/FreeRTOS/STM32_HelloWorld/ThirdParty/FreeRTOS/org/Source/include" -I"C:/Users/kaush/Documents/GitHub/FreeRTOS/STM32_HelloWorld/ThirdParty/FreeRTOS/org/Source/portable/GCC/ARM_CM4F" -I"C:/Users/kaush/Documents/GitHub/FreeRTOS/STM32_HelloWorld/ThirdParty/SEGGER/Config" -I"C:/Users/kaush/Documents/GitHub/FreeRTOS/STM32_HelloWorld/ThirdParty/SEGGER/OS" -I"C:/Users/kaush/Documents/GitHub/FreeRTOS/STM32_HelloWorld/ThirdParty/SEGGER/SEGGER" -I"C:/Users/kaush/Documents/GitHub/FreeRTOS/STM32_HelloWorld/inc" -I"C:/Users/kaush/Documents/GitHub/FreeRTOS/STM32_HelloWorld/CMSIS/device" -I"C:/Users/kaush/Documents/GitHub/FreeRTOS/STM32_HelloWorld/CMSIS/core" -O0 -g3 -Wall -fmessage-length=0 -ffunction-sections -c -MMD -MP -MF"StdPeriph_Driver/src/stm32f4xx_rcc.d" -MT"StdPeriph_Driver/src/stm32f4xx_rcc.o" -o "StdPeriph_Driver/src/stm32f4xx_rcc.o" "../StdPeriph_Driver/src/stm32f4xx_rcc.c"
arm-none-eabi-gcc -mcpu=cortex-m4 -mthumb -mfloat-abi=hard -mfpu=fpv4-sp-d16 -DSTM32 -DSTM32F4 -DSTM32F446RETx -DNUCLEO_F446RE -DDEBUG -DSTM32F446xx -DUSE_STDPERIPH_DRIVER -I"C:/Users/kaush/Documents/GitHub/FreeRTOS/STM32_HelloWorld/Config" -I"C:/Users/kaush/Documents/GitHub/FreeRTOS/STM32_HelloWorld/StdPeriph_Driver/inc" -I"C:/Users/kaush/Documents/GitHub/FreeRTOS/STM32_HelloWorld/ThirdParty/FreeRTOS/org/Source/include" -I"C:/Users/kaush/Documents/GitHub/FreeRTOS/STM32_HelloWorld/ThirdParty/FreeRTOS/org/Source/portable/GCC/ARM_CM4F" -I"C:/Users/kaush/Documents/GitHub/FreeRTOS/STM32_HelloWorld/ThirdParty/SEGGER/Config" -I"C:/Users/kaush/Documents/GitHub/FreeRTOS/STM32_HelloWorld/ThirdParty/SEGGER/OS" -I"C:/Users/kaush/Documents/GitHub/FreeRTOS/STM32_HelloWorld/ThirdParty/SEGGER/SEGGER" -I"C:/Users/kaush/Documents/GitHub/FreeRTOS/STM32_HelloWorld/inc" -I"C:/Users/kaush/Documents/GitHub/FreeRTOS/STM32_HelloWorld/CMSIS/device" -I"C:/Users/kaush/Documents/GitHub/FreeRTOS/STM32_HelloWorld/CMSIS/core" -O0 -g3 -Wall -fmessage-length=0 -ffunction-sections -c -MMD -MP -MF"StdPeriph_Driver/src/stm32f4xx_rng.d" -MT"StdPeriph_Driver/src/stm32f4xx_rng.o" -o "StdPeriph_Driver/src/stm32f4xx_rng.o" "../StdPeriph_Driver/src/stm32f4xx_rng.c"
Finished building: ../StdPeriph_Driver/src/stm32f4xx_gpio.c
 
Building file: ../StdPeriph_Driver/src/stm32f4xx_rtc.c
Invoking: MCU GCC Compiler
C:\Users\kaush\Documents\GitHub\FreeRTOS\STM32_HelloWorld\Debug
arm-none-eabi-gcc -mcpu=cortex-m4 -mthumb -mfloat-abi=hard -mfpu=fpv4-sp-d16 -DSTM32 -DSTM32F4 -DSTM32F446RETx -DNUCLEO_F446RE -DDEBUG -DSTM32F446xx -DUSE_STDPERIPH_DRIVER -I"C:/Users/kaush/Documents/GitHub/FreeRTOS/STM32_HelloWorld/Config" -I"C:/Users/kaush/Documents/GitHub/FreeRTOS/STM32_HelloWorld/StdPeriph_Driver/inc" -I"C:/Users/kaush/Documents/GitHub/FreeRTOS/STM32_HelloWorld/ThirdParty/FreeRTOS/org/Source/include" -I"C:/Users/kaush/Documents/GitHub/FreeRTOS/STM32_HelloWorld/ThirdParty/FreeRTOS/org/Source/portable/GCC/ARM_CM4F" -I"C:/Users/kaush/Documents/GitHub/FreeRTOS/STM32_HelloWorld/ThirdParty/SEGGER/Config" -I"C:/Users/kaush/Documents/GitHub/FreeRTOS/STM32_HelloWorld/ThirdParty/SEGGER/OS" -I"C:/Users/kaush/Documents/GitHub/FreeRTOS/STM32_HelloWorld/ThirdParty/SEGGER/SEGGER" -I"C:/Users/kaush/Documents/GitHub/FreeRTOS/STM32_HelloWorld/inc" -I"C:/Users/kaush/Documents/GitHub/FreeRTOS/STM32_HelloWorld/CMSIS/device" -I"C:/Users/kaush/Documents/GitHub/FreeRTOS/STM32_HelloWorld/CMSIS/core" -O0 -g3 -Wall -fmessage-length=0 -ffunction-sections -c -MMD -MP -MF"StdPeriph_Driver/src/stm32f4xx_rtc.d" -MT"StdPeriph_Driver/src/stm32f4xx_rtc.o" -o "StdPeriph_Driver/src/stm32f4xx_rtc.o" "../StdPeriph_Driver/src/stm32f4xx_rtc.c"
Finished building: ../StdPeriph_Driver/src/stm32f4xx_hash.c
Finished building: ../StdPeriph_Driver/src/stm32f4xx_hash_md5.c
 
 
Building file: ../StdPeriph_Driver/src/stm32f4xx_sai.c
Building file: ../StdPeriph_Driver/src/stm32f4xx_sdio.c
Invoking: MCU GCC Compiler
Invoking: MCU GCC Compiler
Finished building: ../StdPeriph_Driver/src/stm32f4xx_hash_sha1.c
Finished building: ../StdPeriph_Driver/src/stm32f4xx_lptim.c
C:\Users\kaush\Documents\GitHub\FreeRTOS\STM32_HelloWorld\Debug
arm-none-eabi-gcc -mcpu=cortex-m4 -mthumb -mfloat-abi=hard -mfpu=fpv4-sp-d16 -DSTM32 -DSTM32F4 -DSTM32F446RETx -DNUCLEO_F446RE -DDEBUG -DSTM32F446xx -DUSE_STDPERIPH_DRIVER -I"C:/Users/kaush/Documents/GitHub/FreeRTOS/STM32_HelloWorld/Config" -I"C:/Users/kaush/Documents/GitHub/FreeRTOS/STM32_HelloWorld/StdPeriph_Driver/inc" -I"C:/Users/kaush/Documents/GitHub/FreeRTOS/STM32_HelloWorld/ThirdParty/FreeRTOS/org/Source/include" -I"C:/Users/kaush/Documents/GitHub/FreeRTOS/STM32_HelloWorld/ThirdParty/FreeRTOS/org/Source/portable/GCC/ARM_CM4F" -I"C:/Users/kaush/Documents/GitHub/FreeRTOS/STM32_HelloWorld/ThirdParty/SEGGER/Config" -I"C:/Users/kaush/Documents/GitHub/FreeRTOS/STM32_HelloWorld/ThirdParty/SEGGER/OS" -I"C:/Users/kaush/Documents/GitHub/FreeRTOS/STM32_HelloWorld/ThirdParty/SEGGER/SEGGER" -I"C:/Users/kaush/Documents/GitHub/FreeRTOS/STM32_HelloWorld/inc" -I"C:/Users/kaush/Documents/GitHub/FreeRTOS/STM32_HelloWorld/CMSIS/device" -I"C:/Users/kaush/Documents/GitHub/FreeRTOS/STM32_HelloWorld/CMSIS/core" -O0 -g3 -Wall -fmessage-length=0 -ffunction-sections -c -MMD -MP -MF"StdPeriph_Driver/src/stm32f4xx_sdio.d" -MT"StdPeriph_Driver/src/stm32f4xx_sdio.o" -o "StdPeriph_Driver/src/stm32f4xx_sdio.o" "../StdPeriph_Driver/src/stm32f4xx_sdio.c"
C:\Users\kaush\Documents\GitHub\FreeRTOS\STM32_HelloWorld\Debug
Finished building: ../StdPeriph_Driver/src/stm32f4xx_iwdg.c
arm-none-eabi-gcc -mcpu=cortex-m4 -mthumb -mfloat-abi=hard -mfpu=fpv4-sp-d16 -DSTM32 -DSTM32F4 -DSTM32F446RETx -DNUCLEO_F446RE -DDEBUG -DSTM32F446xx -DUSE_STDPERIPH_DRIVER -I"C:/Users/kaush/Documents/GitHub/FreeRTOS/STM32_HelloWorld/Config" -I"C:/Users/kaush/Documents/GitHub/FreeRTOS/STM32_HelloWorld/StdPeriph_Driver/inc" -I"C:/Users/kaush/Documents/GitHub/FreeRTOS/STM32_HelloWorld/ThirdParty/FreeRTOS/org/Source/include" -I"C:/Users/kaush/Documents/GitHub/FreeRTOS/STM32_HelloWorld/ThirdParty/FreeRTOS/org/Source/portable/GCC/ARM_CM4F" -I"C:/Users/kaush/Documents/GitHub/FreeRTOS/STM32_HelloWorld/ThirdParty/SEGGER/Config" -I"C:/Users/kaush/Documents/GitHub/FreeRTOS/STM32_HelloWorld/ThirdParty/SEGGER/OS" -I"C:/Users/kaush/Documents/GitHub/FreeRTOS/STM32_HelloWorld/ThirdParty/SEGGER/SEGGER" -I"C:/Users/kaush/Documents/GitHub/FreeRTOS/STM32_HelloWorld/inc" -I"C:/Users/kaush/Documents/GitHub/FreeRTOS/STM32_HelloWorld/CMSIS/device" -I"C:/Users/kaush/Documents/GitHub/FreeRTOS/STM32_HelloWorld/CMSIS/core" -O0 -g3 -Wall -fmessage-length=0 -ffunction-sections -c -MMD -MP -MF"StdPeriph_Driver/src/stm32f4xx_sai.d" -MT"StdPeriph_Driver/src/stm32f4xx_sai.o" -o "StdPeriph_Driver/src/stm32f4xx_sai.o" "../StdPeriph_Driver/src/stm32f4xx_sai.c"
 
 
 
Building file: ../StdPeriph_Driver/src/stm32f4xx_spdifrx.c
Building file: ../StdPeriph_Driver/src/stm32f4xx_spi.c
Finished building: ../StdPeriph_Driver/src/stm32f4xx_i2c.c
Building file: ../StdPeriph_Driver/src/stm32f4xx_syscfg.c
Invoking: MCU GCC Compiler
Invoking: MCU GCC Compiler
 
Invoking: MCU GCC Compiler
C:\Users\kaush\Documents\GitHub\FreeRTOS\STM32_HelloWorld\Debug
C:\Users\kaush\Documents\GitHub\FreeRTOS\STM32_HelloWorld\Debug
arm-none-eabi-gcc -mcpu=cortex-m4 -mthumb -mfloat-abi=hard -mfpu=fpv4-sp-d16 -DSTM32 -DSTM32F4 -DSTM32F446RETx -DNUCLEO_F446RE -DDEBUG -DSTM32F446xx -DUSE_STDPERIPH_DRIVER -I"C:/Users/kaush/Documents/GitHub/FreeRTOS/STM32_HelloWorld/Config" -I"C:/Users/kaush/Documents/GitHub/FreeRTOS/STM32_HelloWorld/StdPeriph_Driver/inc" -I"C:/Users/kaush/Documents/GitHub/FreeRTOS/STM32_HelloWorld/ThirdParty/FreeRTOS/org/Source/include" -I"C:/Users/kaush/Documents/GitHub/FreeRTOS/STM32_HelloWorld/ThirdParty/FreeRTOS/org/Source/portable/GCC/ARM_CM4F" -I"C:/Users/kaush/Documents/GitHub/FreeRTOS/STM32_HelloWorld/ThirdParty/SEGGER/Config" -I"C:/Users/kaush/Documents/GitHub/FreeRTOS/STM32_HelloWorld/ThirdParty/SEGGER/OS" -I"C:/Users/kaush/Documents/GitHub/FreeRTOS/STM32_HelloWorld/ThirdParty/SEGGER/SEGGER" -I"C:/Users/kaush/Documents/GitHub/FreeRTOS/STM32_HelloWorld/inc" -I"C:/Users/kaush/Documents/GitHub/FreeRTOS/STM32_HelloWorld/CMSIS/device" -I"C:/Users/kaush/Documents/GitHub/FreeRTOS/STM32_HelloWorld/CMSIS/core" -O0 -g3 -Wall -fmessage-length=0 -ffunction-sections -c -MMD -MP -MF"StdPeriph_Driver/src/stm32f4xx_spdifrx.d" -MT"StdPeriph_Driver/src/stm32f4xx_spdifrx.o" -o "StdPeriph_Driver/src/stm32f4xx_spdifrx.o" "../StdPeriph_Driver/src/stm32f4xx_spdifrx.c"
Building file: ../StdPeriph_Driver/src/stm32f4xx_tim.c
arm-none-eabi-gcc -mcpu=cortex-m4 -mthumb -mfloat-abi=hard -mfpu=fpv4-sp-d16 -DSTM32 -DSTM32F4 -DSTM32F446RETx -DNUCLEO_F446RE -DDEBUG -DSTM32F446xx -DUSE_STDPERIPH_DRIVER -I"C:/Users/kaush/Documents/GitHub/FreeRTOS/STM32_HelloWorld/Config" -I"C:/Users/kaush/Documents/GitHub/FreeRTOS/STM32_HelloWorld/StdPeriph_Driver/inc" -I"C:/Users/kaush/Documents/GitHub/FreeRTOS/STM32_HelloWorld/ThirdParty/FreeRTOS/org/Source/include" -I"C:/Users/kaush/Documents/GitHub/FreeRTOS/STM32_HelloWorld/ThirdParty/FreeRTOS/org/Source/portable/GCC/ARM_CM4F" -I"C:/Users/kaush/Documents/GitHub/FreeRTOS/STM32_HelloWorld/ThirdParty/SEGGER/Config" -I"C:/Users/kaush/Documents/GitHub/FreeRTOS/STM32_HelloWorld/ThirdParty/SEGGER/OS" -I"C:/Users/kaush/Documents/GitHub/FreeRTOS/STM32_HelloWorld/ThirdParty/SEGGER/SEGGER" -I"C:/Users/kaush/Documents/GitHub/FreeRTOS/STM32_HelloWorld/inc" -I"C:/Users/kaush/Documents/GitHub/FreeRTOS/STM32_HelloWorld/CMSIS/device" -I"C:/Users/kaush/Documents/GitHub/FreeRTOS/STM32_HelloWorld/CMSIS/core" -O0 -g3 -Wall -fmessage-length=0 -ffunction-sections -c -MMD -MP -MF"StdPeriph_Driver/src/stm32f4xx_spi.d" -MT"StdPeriph_Driver/src/stm32f4xx_spi.o" -o "StdPeriph_Driver/src/stm32f4xx_spi.o" "../StdPeriph_Driver/src/stm32f4xx_spi.c"
C:\Users\kaush\Documents\GitHub\FreeRTOS\STM32_HelloWorld\Debug
arm-none-eabi-gcc -mcpu=cortex-m4 -mthumb -mfloat-abi=hard -mfpu=fpv4-sp-d16 -DSTM32 -DSTM32F4 -DSTM32F446RETx -DNUCLEO_F446RE -DDEBUG -DSTM32F446xx -DUSE_STDPERIPH_DRIVER -I"C:/Users/kaush/Documents/GitHub/FreeRTOS/STM32_HelloWorld/Config" -I"C:/Users/kaush/Documents/GitHub/FreeRTOS/STM32_HelloWorld/StdPeriph_Driver/inc" -I"C:/Users/kaush/Documents/GitHub/FreeRTOS/STM32_HelloWorld/ThirdParty/FreeRTOS/org/Source/include" -I"C:/Users/kaush/Documents/GitHub/FreeRTOS/STM32_HelloWorld/ThirdParty/FreeRTOS/org/Source/portable/GCC/ARM_CM4F" -I"C:/Users/kaush/Documents/GitHub/FreeRTOS/STM32_HelloWorld/ThirdParty/SEGGER/Config" -I"C:/Users/kaush/Documents/GitHub/FreeRTOS/STM32_HelloWorld/ThirdParty/SEGGER/OS" -I"C:/Users/kaush/Documents/GitHub/FreeRTOS/STM32_HelloWorld/ThirdParty/SEGGER/SEGGER" -I"C:/Users/kaush/Documents/GitHub/FreeRTOS/STM32_HelloWorld/inc" -I"C:/Users/kaush/Documents/GitHub/FreeRTOS/STM32_HelloWorld/CMSIS/device" -I"C:/Users/kaush/Documents/GitHub/FreeRTOS/STM32_HelloWorld/CMSIS/core" -O0 -g3 -Wall -fmessage-length=0 -ffunction-sections -c -MMD -MP -MF"StdPeriph_Driver/src/stm32f4xx_syscfg.d" -MT"StdPeriph_Driver/src/stm32f4xx_syscfg.o" -o "StdPeriph_Driver/src/stm32f4xx_syscfg.o" "../StdPeriph_Driver/src/stm32f4xx_syscfg.c"
Finished building: ../StdPeriph_Driver/src/stm32f4xx_pwr.c
Finished building: ../StdPeriph_Driver/src/stm32f4xx_ltdc.c
Invoking: MCU GCC Compiler
 
Finished building: ../StdPeriph_Driver/src/stm32f4xx_qspi.c
 
C:\Users\kaush\Documents\GitHub\FreeRTOS\STM32_HelloWorld\Debug
Building file: ../StdPeriph_Driver/src/stm32f4xx_usart.c
 
arm-none-eabi-gcc -mcpu=cortex-m4 -mthumb -mfloat-abi=hard -mfpu=fpv4-sp-d16 -DSTM32 -DSTM32F4 -DSTM32F446RETx -DNUCLEO_F446RE -DDEBUG -DSTM32F446xx -DUSE_STDPERIPH_DRIVER -I"C:/Users/kaush/Documents/GitHub/FreeRTOS/STM32_HelloWorld/Config" -I"C:/Users/kaush/Documents/GitHub/FreeRTOS/STM32_HelloWorld/StdPeriph_Driver/inc" -I"C:/Users/kaush/Documents/GitHub/FreeRTOS/STM32_HelloWorld/ThirdParty/FreeRTOS/org/Source/include" -I"C:/Users/kaush/Documents/GitHub/FreeRTOS/STM32_HelloWorld/ThirdParty/FreeRTOS/org/Source/portable/GCC/ARM_CM4F" -I"C:/Users/kaush/Documents/GitHub/FreeRTOS/STM32_HelloWorld/ThirdParty/SEGGER/Config" -I"C:/Users/kaush/Documents/GitHub/FreeRTOS/STM32_HelloWorld/ThirdParty/SEGGER/OS" -I"C:/Users/kaush/Documents/GitHub/FreeRTOS/STM32_HelloWorld/ThirdParty/SEGGER/SEGGER" -I"C:/Users/kaush/Documents/GitHub/FreeRTOS/STM32_HelloWorld/inc" -I"C:/Users/kaush/Documents/GitHub/FreeRTOS/STM32_HelloWorld/CMSIS/device" -I"C:/Users/kaush/Documents/GitHub/FreeRTOS/STM32_HelloWorld/CMSIS/core" -O0 -g3 -Wall -fmessage-length=0 -ffunction-sections -c -MMD -MP -MF"StdPeriph_Driver/src/stm32f4xx_tim.d" -MT"StdPeriph_Driver/src/stm32f4xx_tim.o" -o "StdPeriph_Driver/src/stm32f4xx_tim.o" "../StdPeriph_Driver/src/stm32f4xx_tim.c"
Building file: ../StdPeriph_Driver/src/stm32f4xx_wwdg.c
Invoking: MCU GCC Compiler
Invoking: MCU GCC Compiler
C:\Users\kaush\Documents\GitHub\FreeRTOS\STM32_HelloWorld\Debug
Finished building: ../StdPeriph_Driver/src/stm32f4xx_rng.c
arm-none-eabi-gcc -mcpu=cortex-m4 -mthumb -mfloat-abi=hard -mfpu=fpv4-sp-d16 -DSTM32 -DSTM32F4 -DSTM32F446RETx -DNUCLEO_F446RE -DDEBUG -DSTM32F446xx -DUSE_STDPERIPH_DRIVER -I"C:/Users/kaush/Documents/GitHub/FreeRTOS/STM32_HelloWorld/Config" -I"C:/Users/kaush/Documents/GitHub/FreeRTOS/STM32_HelloWorld/StdPeriph_Driver/inc" -I"C:/Users/kaush/Documents/GitHub/FreeRTOS/STM32_HelloWorld/ThirdParty/FreeRTOS/org/Source/include" -I"C:/Users/kaush/Documents/GitHub/FreeRTOS/STM32_HelloWorld/ThirdParty/FreeRTOS/org/Source/portable/GCC/ARM_CM4F" -I"C:/Users/kaush/Documents/GitHub/FreeRTOS/STM32_HelloWorld/ThirdParty/SEGGER/Config" -I"C:/Users/kaush/Documents/GitHub/FreeRTOS/STM32_HelloWorld/ThirdParty/SEGGER/OS" -I"C:/Users/kaush/Documents/GitHub/FreeRTOS/STM32_HelloWorld/ThirdParty/SEGGER/SEGGER" -I"C:/Users/kaush/Documents/GitHub/FreeRTOS/STM32_HelloWorld/inc" -I"C:/Users/kaush/Documents/GitHub/FreeRTOS/STM32_HelloWorld/CMSIS/device" -I"C:/Users/kaush/Documents/GitHub/FreeRTOS/STM32_HelloWorld/CMSIS/core" -O0 -g3 -Wall -fmessage-length=0 -ffunction-sections -c -MMD -MP -MF"StdPeriph_Driver/src/stm32f4xx_usart.d" -MT"StdPeriph_Driver/src/stm32f4xx_usart.o" -o "StdPeriph_Driver/src/stm32f4xx_usart.o" "../StdPeriph_Driver/src/stm32f4xx_usart.c"
C:\Users\kaush\Documents\GitHub\FreeRTOS\STM32_HelloWorld\Debug
arm-none-eabi-gcc -mcpu=cortex-m4 -mthumb -mfloat-abi=hard -mfpu=fpv4-sp-d16 -DSTM32 -DSTM32F4 -DSTM32F446RETx -DNUCLEO_F446RE -DDEBUG -DSTM32F446xx -DUSE_STDPERIPH_DRIVER -I"C:/Users/kaush/Documents/GitHub/FreeRTOS/STM32_HelloWorld/Config" -I"C:/Users/kaush/Documents/GitHub/FreeRTOS/STM32_HelloWorld/StdPeriph_Driver/inc" -I"C:/Users/kaush/Documents/GitHub/FreeRTOS/STM32_HelloWorld/ThirdParty/FreeRTOS/org/Source/include" -I"C:/Users/kaush/Documents/GitHub/FreeRTOS/STM32_HelloWorld/ThirdParty/FreeRTOS/org/Source/portable/GCC/ARM_CM4F" -I"C:/Users/kaush/Documents/GitHub/FreeRTOS/STM32_HelloWorld/ThirdParty/SEGGER/Config" -I"C:/Users/kaush/Documents/GitHub/FreeRTOS/STM32_HelloWorld/ThirdParty/SEGGER/OS" -I"C:/Users/kaush/Documents/GitHub/FreeRTOS/STM32_HelloWorld/ThirdParty/SEGGER/SEGGER" -I"C:/Users/kaush/Documents/GitHub/FreeRTOS/STM32_HelloWorld/inc" -I"C:/Users/kaush/Documents/GitHub/FreeRTOS/STM32_HelloWorld/CMSIS/device" -I"C:/Users/kaush/Documents/GitHub/FreeRTOS/STM32_HelloWorld/CMSIS/core" -O0 -g3 -Wall -fmessage-length=0 -ffunction-sections -c -MMD -MP -MF"StdPeriph_Driver/src/stm32f4xx_wwdg.d" -MT"StdPeriph_Driver/src/stm32f4xx_wwdg.o" -o "StdPeriph_Driver/src/stm32f4xx_wwdg.o" "../StdPeriph_Driver/src/stm32f4xx_wwdg.c"
 
Finished building: ../StdPeriph_Driver/src/stm32f4xx_rcc.c
 
Finished building: ../StdPeriph_Driver/src/stm32f4xx_rtc.c
Finished building: ../StdPeriph_Driver/src/stm32f4xx_sdio.c
 
 
Finished building: ../StdPeriph_Driver/src/stm32f4xx_sai.c
 
Finished building: ../StdPeriph_Driver/src/stm32f4xx_spdifrx.c
Finished building: ../StdPeriph_Driver/src/stm32f4xx_syscfg.c
 
 
Finished building: ../StdPeriph_Driver/src/stm32f4xx_spi.c
 
Finished building: ../StdPeriph_Driver/src/stm32f4xx_wwdg.c
 
Finished building: ../StdPeriph_Driver/src/stm32f4xx_usart.c
 
Finished building: ../StdPeriph_Driver/src/stm32f4xx_tim.c
 
Building target: STM32_HelloWorld.elf
Invoking: MCU GCC Linker
arm-none-eabi-gcc -mcpu=cortex-m4 -mthumb -mfloat-abi=hard -mfpu=fpv4-sp-d16 -specs=rdimon.specs -lc -lrdimon -T"C:/Users/kaush/Documents/GitHub/FreeRTOS/STM32_HelloWorld/LinkerScript.ld" -Wl,-Map=output.map -Wl,--gc-sections -o "STM32_HelloWorld.elf" @"objects.list"   -lm
Finished building target: STM32_HelloWorld.elf
 
make --no-print-directory post-build
Generating binary and Printing size information:
arm-none-eabi-objcopy -O binary "STM32_HelloWorld.elf" "STM32_HelloWorld.bin"
arm-none-eabi-size "STM32_HelloWorld.elf"
   text	   data	    bss	    dec	    hex	filename
  22360	   1128	  88420	 111908	  1b524	STM32_HelloWorld.elf
 
